Open Watcom Linker Version 1.9
Portions Copyright (c) 1985-2002 Sybase, Inc. All Rights Reserved.
Created on:       24/12/02 14:49:14
Executable Image: l3.exe
creating a Windows NT character-mode executable


                        +------------+
                        |   Groups   |
                        +------------+

Group                           Address              Size
=====                           =======              ====

.idata                          00415000             00000786
DGROUP                          00416000             003e3a00



                        +--------------+
                        |   Segments   |
                        +--------------+

Segment                Class          Group          Address         Size
=======                =====          =====          =======         ====

BEGTEXT                CODE           AUTO           00401000        00000007
_TEXT                  CODE           AUTO           00401010        000133c8
TRANSFER CODE          CODE           AUTO           004143d8        0000019e
.idata                 .idata         .idata         00415000        00000786
_NULL                  BEGDATA        DGROUP         00416000        00000004
_AFTERNULL             BEGDATA        DGROUP         00416004        00000000
CONST                  DATA           DGROUP         00416010        00000124
_DATA                  DATA           DGROUP         00416140        000010a4
CONST2                 DATA           DGROUP         004171e4        00000000
XIB                    DATA           DGROUP         004171e4        00000000
XI                     DATA           DGROUP         004171e4        0000004e
XIE                    DATA           DGROUP         00417232        00000000
YIB                    DATA           DGROUP         00417232        00000000
YI                     DATA           DGROUP         00417232        00000030
YIE                    DATA           DGROUP         00417262        00000000
TIB                    DATA           DGROUP         00417262        00000000
TI                     DATA           DGROUP         00417262        00000000
TIE                    DATA           DGROUP         00417262        00000000
DATA                   DATA           DGROUP         00417262        00000000
DATA32                 DATA           DGROUP         00417264        0000011c
SIZE                   SIZE           DGROUP         00418000        00000004
CONST32                CONST          DGROUP         00418004        00000000
_BSS                   BSS            DGROUP         00418010        000010e8
GDATA@0                BSS            DGROUP         00419100        003d0900
BSS32                  BSS            DGROUP         007e9a00        00000000
STACK                  STACK          DGROUP         007e9a00        00010000


                        +----------------+
                        |   Memory Map   |
                        +----------------+

* = unreferenced symbol
+ = symbol only referenced locally

Address        Symbol
=======        ======

Module: l3src.obj(C:\PV\lab3\l3src.for)
00401010       FMAIN
00401045+      READDIMENSION
0040110c+      READVECTOR
004011e0+      PRINTVECTOR
00418000+      SIZE
Module: C:\WATCOM/lib386/nt\flib7.lib(pause.c)
00401260       RT@Pause
00416188*      LG@PAUSE_HOOK
Module: C:\WATCOM/lib386/nt\flib7.lib(setunit.c)
004012b0       RT@SetUnit
Module: C:\WATCOM/lib386/nt\flib7.lib(setfile.c)
004012f0       RT@SetFile
Module: C:\WATCOM/lib386/nt\flib7.lib(setstat.c)
00401310       RT@SetStat
Module: C:\WATCOM/lib386/nt\flib7.lib(seterr.c)
00401330       RT@SetErr
Module: C:\WATCOM/lib386/nt\flib7.lib(exopen.c)
00401a70       RT@IOOpen
0041618c+      _AccModTab
0041619c+      _FormTab
004161a8+      _OpStatTab
004161bc+      _BlnkTab
004161c8+      _RecFmTab
004161d8+      _CCtrlTab
004161e4+      _ActionTab
004161f4+      _ShareTab
Module: C:\WATCOM/lib386/nt\flib7.lib(coread)
00401a86       RT@IORead
00401a95*      RT@InpLOG1
00401aa4*      RT@InpLOG4
00401ab3*      RT@InpINT1
00401ac2*      RT@InpINT2
00401ad1       RT@InpINT4
00401ae0       RT@InpREAL
00401aef*      RT@InpDBLE
00401afe*      RT@InpXTND
00401b0d*      RT@InpCPLX
00401b1c*      RT@InpDBCX
00401b2b*      RT@InpXTCX
00401b3a*      RT@InpCHAR
00401b3f*      RT@InpSTR
00401b44*      RT@InpArr
00401b49*      RT@InpChArr
Module: C:\WATCOM/lib386/nt\flib7.lib(cortns)
0041620c*      _FRT_SaveESP
00401b59*      SwitchToGen
00401b77       SwitchToRT
00401b95       RdWrCommon
00401c39       IOType_
00401c57       IOChar
00401c72       IOStr
00401c87       IOArr
00401ca2       IOChArr
00401cc4       RT@EndIO
Module: C:\WATCOM/lib386/nt\flib7.lib(exclose.c)
00401dc0       RT@IOClose
Module: C:\WATCOM/lib386/nt\flib7.lib(cowrite)
00401dd6       RT@IOWrite
00401de5*      RT@OutLOG1
00401df7*      RT@OutLOG4
00401e05*      RT@OutINT1
00401e17*      RT@OutINT2
00401e27*      RT@OutINT4
00401e36       RT@OutREAL
00401e46*      RT@OutDBLE
00401e56*      RT@OutXTND
00401e66*      RT@OutCPLX
00401e7c*      RT@OutDBCX
00401e92*      RT@OutXTCX
00401ea8       RT@OutCHAR
00401ead*      RT@OutSTR
00401eb2*      RT@PrtArr
00401eb7*      RT@PrtChArr
Module: C:\WATCOM/lib386/nt\flib7.lib(stop.c)
00401ee0       RT@Stop
0041623c+      LG@STOP_HOOK
Module: C:\WATCOM/lib386/nt\clib3r.lib(cstrtwnt)
00401f50       _cstart_
00401f50*      mainCRTStartup
Module: C:\WATCOM/lib386/nt\clib3r.lib(_8087)
00416240       __8087
00416241       __real87
Module: C:\WATCOM/lib386/nt\emu387.lib(386)
00401fac       __init_387_emulator
00401fad*      __fini_387_emulator
Module: C:\WATCOM/lib386/nt\flib7.lib(initeng.c)
00418010       __init_english
Module: C:\WATCOM/lib386/nt\flib7.lib(initerr.c)
00418014       __init_error
Module: C:\WATCOM/lib386/nt\flib7.lib(rtinit.c)
00416244       ___FAppType
00416248       __ExceptionInit
0041624c       __ExceptionFini
00401fc0*      __InitFThreadData_
00402000+      RTSysFini_
00402010       RTSysInit_
00416254       __AccessFIO
00416258       __ReleaseFIO
0041625c       __PartialReleaseFIO
00418018       ___FThreadDataOffset
00417202*      ___fthread_data_size
Module: C:\WATCOM/lib386/nt\flib7.lib(rtsysutl.c)
00402070       GetSysIOInfo_
00402090       GetSysFileInfo_
004020c0       IsDevice_
00402290       OpenAction_
004022d0*      DfltRecType_
004022f0+      _FileAttrs_
004023b0       CloseFile_
00402420       Scrtched_
00402440       CloseDeleteFile_
00402490       Errf_
004024b0       FPutBuff_
00402520       FGetBuff_
00402570       SeekFile_
00402590       NoEOF_
004025a0       SysClearEOF_
004025b0       SameFile_
004025c0*      Rewindf_
004025e0       SysCreateFile_
00402620       CheckLogicalRecord_
00402640       SkipLogicalRecord_
00402660*      BackSpacef_
00402690*      EndFilef_
004026d0       GetIOErrMsg_
00402710       ReportNExist_
00402730       ReportEOF_
00402740       WaitForEnter_
Module: C:\WATCOM/lib386/nt\flib7.lib(rterr.c)
00416260+      _TraceRoutine
00402770       FlushStdUnit_
004027c0+      WriteErr_
00402890       ErrHandler_
004028d0       RTErr_
0041626c+      LG@ERR_HOOK
Module: C:\WATCOM/lib386/nt\flib7.lib(stdio.c)
00402910       StdBuffer_
00402930       StdWrite_
00402a10       StdFlush_
00402a40       StdWriteNL_
Module: C:\WATCOM/lib386/nt\flib7.lib(setiocb.c)
00402a70       RT@SetIOCB
Module: C:\WATCOM/lib386/nt\flib7.lib(rdata.c)
00418020       _IORslt
00418030       _FmtBuff
00418034*      _Fmt_revert
00418038*      _Fmt_start
0041803c*      _Fmt_paren_level
00418040*      _Fmt_charptr
00418044*      _FmtEmStruct
00418048       _IOTypeRtn
0041804c*      _Fmt_end
00418050*      _Fmt_rep_spec
00418054       _FmtRoutine
00418058       _IOCB
0041805c       _Files
00418060*      _Fmt_delimited
Module: C:\WATCOM/lib386/nt\flib7.lib(rtutls.c)
00402b20       FindFtnFile_
00402c10       RChkAlloc_
00402c40       F_Connect_
00402cc0       ConnectFile_
00402cd0       GetFileInfo_
00402dc0       DiscoFile_
00402e30*      ChkFileName_
00402e60+      ChkLogFile_
00402ea0       ChkIOOperation_
00402ee0       GetIOErr_
00402ef0       ChkIOErr_
00402f10       ChkUnitId_
00402f50*      ChkConnected_
00402f70       SetEOF_
00402fa0       ClearEOF_
00402fe0       SysEOF_
00403010       IsFixed_
00403020       IsCarriage_
00403030*      ChkRecordStructure_
00403060*      ChkSequential_
00403080*      ChkExist_
004030b0       StrItem_
Module: C:\WATCOM/lib386/nt\flib7.lib(exutil.c)
00403130       FindKWord_
004031c0*      ClrBuff_
00416678       _SpecId
Module: C:\WATCOM/lib386/nt\flib7.lib(ioerr.c)
00403210       IOErr_
Module: C:\WATCOM/lib386/nt\flib7.lib(runmain.c)
004032a0*      __InitUnit6CC_
004032b0       __DevicesCC_
004032c0*      __InitAllowCommaSeparator_
004032d0       __AllowCommaSep_
004032e0+      _InitIO_
00403350+      CloseAllFiles_
00403390*      _FiniEx_
00403390       RunExit_
004033d0       RunEntry_
Module: C:\WATCOM/lib386/nt\flib7.lib(rdwr.c)
00403400       DoOpen_
00403430+      _AllocBuffer_
00403470       IOPrologue_
004036b0       UpdateRecNum_
Module: C:\WATCOM/lib386/nt\flib7.lib(iomain.c)
004036f0       __ReleaseIOSys_
00403710       IOMain_
Module: C:\WATCOM/lib386/nt\flib7.lib(exread.c)
00403940       DoRead_
Module: C:\WATCOM/lib386/nt\clib3r.lib(crwdata)
004166e8       __osmajor
004166e9       __osminor
004166ea       __osbuild
004166ec       __osver
004166f0       __winmajor
004166f4       __winminor
004166f8       __winver
004166b4       __LpDllName
004166b8       __LpwCmdLine
004166bc       __LpwPgmName
004166c0       __LpwDllName
004166ac       __LpCmdLine
004166b0       __LpPgmName
004166a4*      __dynend
004166a8       __curbrk
004166c4*      __STACKLOW
004166c8       __STACKTOP
004166cc       __ASTACKSIZ
004166d0       __ASTACKPTR
004166d4*      __cbyte
004166d8*      __cbyte2
004166dc*      __child
004166e2       __Envptr
004166e6*      __Envseg
004166e0       __no87
004166fc       ___FPE_handler
Module: C:\WATCOM/lib386/nt\flib7.lib(thrdutil.c)
004039d0*      __InitMultiThreadIO_
00416704       ___SwitchStkLow
Module: C:\WATCOM/lib386/nt\flib7.lib(exwrite.c)
00403a50       DoWrite_
Module: C:\WATCOM/lib386/nt\clib3r.lib(mainwnt.c)
00416708       ___TlsIndex
0041670c       ___FirstThreadData
00416710       ___GetThreadPtr
00416714       __AccessFileH
00416718       __ReleaseFileH
0041671c       __AccessIOB
00416720       __ReleaseIOB
00416724       __AccessNHeap
00416728       __AccessFHeap
0041672c       __ReleaseNHeap
00403a90*      __threadid_
00403ab0+      __sig_null_rtn_
00403ac0+      __NTInit_
00403ca0+      __NTFini_
00403d00       __NTMainInit_
00403d60       __exit_
00416730       __ReleaseFHeap
00416734       __AccessTDList
00416738       __ReleaseTDList
0041673c       __AccessFList
00416740       __ReleaseFList
00416744       __ThreadExitRtn
00416748       ___sig_init_rtn
0041674c       ___sig_fini_rtn
00416750       ___process_fini
00418070       ___Is_DLL
Module: C:\WATCOM/lib386/nt\flib7.lib(spawn.c)
00403db0       Spawn_
00403e10       Suicide_
Module: C:\WATCOM/lib386/nt\clib3r.lib(main2wnt.c)
00403e50       __NTMain
Module: C:\WATCOM/lib386/nt\clib3r.lib(segdefns)
00401003       ___begtext
00416000*      __nullarea
004171e4       __Start_XI
00417232       __End_XI
00417232       __Start_YI
00417262       __End_YI
Module: C:\WATCOM/lib386/nt\clib3r.lib(chk8087.c)
00403ed0*      _fpreset_
00403f10       __chk8087_
00403f20*      __init_8087_
Module: C:\WATCOM/lib386/nt\flib7.lib(english.c)
00403f70       __UseEnglishCharSet_
Module: C:\WATCOM/lib386/nt\flib7.lib(errincl.c)
00404080       __InitError_
00416754+      _PGroupTable
00416758+      _PErrWord
Module: C:\WATCOM/lib386/nt\flib7.lib(rttraps.c)
00404190       __EnableF77RTExceptionHandling_
004041a0       R_TrapInit_
00404230       R_TrapFini_
00404240*      __InitExceptionVectors_
Module: C:\WATCOM/lib386/nt\flib7.lib(errrtns.c)
0041868c       ___ErrorFini
00418690       ___ErrorInit
00418694       ___BldErrMsg
Module: C:\WATCOM/lib386/nt\clib3r.lib(nodefwin.c)
0041675c*      __WindowsIsWindowedHandle
00416760*      __WindowsRemoveWindowedHandle
00416764*      __WindowsNewWindow
00416768*      __WindowsCloseWindow
0041676c*      __WindowsSetAbout
00416770*      __WindowsSetAppTitle
00416774*      __WindowsSetConTitle
00416778*      __WindowsDestroyOnClose
0041677c*      __WindowsYieldControl
00416780*      __WindowsShutDown
00416784*      __WindowsStdin
00416788       __WindowsStdout
0041678c*      __WindowsKbhit
00416790*      __WindowsGetch
00416794*      __WindowsGetche
00416798*      __WindowsPutch
00404260*      _dwShutDown_
00404260*      _dwYield_
00404260*      _dwSetConTitle_
00404260*      _dwSetAppTitle_
00404260*      _dwSetAboutDlg_
00404260       _dwDeleteOnClose_
0041679c*      __WindowsExitRtn
00418698*      __init_default_win
Module: C:\WATCOM/lib386/nt\clib3r.lib(atexit.c)
00404263       atexit_
Module: C:\WATCOM/lib386/nt\clib3r.lib(regdata.c)
004042c0       __RegisterThreadDataSize_
Module: C:\WATCOM/lib386/nt\clib3r.lib(accsswnt.c)
004042f0       access_
Module: C:\WATCOM/lib386/nt\clib3r.lib(fullpath.c)
00404330+      _sys_fullpath_
004043b0       _fullpath_
Module: C:\WATCOM/lib386/nt\flib7.lib(rmemmgr.c)
00404420       RMemAlloc_
00404430       RMemFree_
Module: C:\WATCOM/lib386/nt\clib3r.lib(fstatwnt.c)
00404440       fstat_
Module: C:\WATCOM/lib386/nt\flib7.lib(poserr.c)
004047a0       Errorf_
004047c0*      EOFile_
004047e0       ErrorMsg_
00404820       FSetTrunc_
00404830       FSetSysErr_
00404850       FSetErr_
00404870       FSetEof_
00404890       IOOk_
Module: C:\WATCOM/lib386/nt\clib3r.lib(statwnt.c)
004049b5       stat_
Module: C:\WATCOM/lib386/nt\flib7.lib(posopen.c)
00404bf0       InitStd_
00404cb0       SetIOBufferSize_
00404cd0+      _AllocFile_
00404dc0       Openf_
00404eb0       Closef_
Module: C:\WATCOM/lib386/nt\flib7.lib(posdat.c)
00416988       _FStdIn
0041698c       _FStdOut
00416990       _FStdErr
Module: C:\WATCOM/lib386/nt\flib7.lib(posflush.c)
00404f30       FlushBuffer_
Module: C:\WATCOM/lib386/nt\flib7.lib(posdel.c)
00404fe0       Scratchf_
Module: C:\WATCOM/lib386/nt\flib7.lib(posput.c)
00405000       FPutRec_
00405040       ChopFile_
00405090*      PutRec_
004051b0       writebytes_
00405230       SysWrite_
Module: C:\WATCOM/lib386/nt\flib7.lib(posget.c)
00405370       readbytes_
00405440       SysRead_
004058b0       FGetRec_
004058e0*      GetRec_
00405900       GetStdChar_
00405950       FCheckLogical_
004059d0       FSkipLogical_
00405aa0*      FGetVarRecLen_
Module: C:\WATCOM/lib386/nt\flib7.lib(posseek.c)
00405b90       FSeekRec_
00405bd0       CurrFileOffset_
00405bd0       FGetFilePos_
00405bf0       SysSeek_
00405de0*      FSeekAbs_
Module: C:\WATCOM/lib386/nt\clib3r.lib(stricmp.c)
00405df0       stricmp_
Module: C:\WATCOM/lib386/nt\flib7.lib(posrew.c)
00405e30       FRewind_
Module: C:\WATCOM/lib386/nt\flib7.lib(posback.c)
00405ea0       FBackspace_
Module: C:\WATCOM/lib386/nt\flib7.lib(postrunc.c)
00405f80       FTruncate_
Module: C:\WATCOM/lib386/nt\clib3r.lib(errno.c)
00405fa0       __get_errno_ptr_
00405fb0*      __get_doserrno_ptr_
Module: C:\WATCOM/lib386/nt\flib7.lib(errutil.c)
00405fc0       BldErrCode_
00406020*      MsgFormat_
00406050*      MsgBuffer_
00416994+      _PGrpCodes
Module: C:\WATCOM/lib386/nt\clib3r.lib(enterdb.c)
00406080       __EnterWVIDEO_
00416998       ___WD_Present
Module: C:\WATCOM/lib386/nt\clib3r.lib(iob.c)
0041699c       ___iob
00416ba4       __fmode
00418720       ___OpenStreams
00418724       ___ClosedStreams
Module: C:\WATCOM/lib386/nt\clib3r.lib(setmd.c)
004060b0       setmode_
Module: C:\WATCOM/lib386/nt\clib3r.lib(write.c)
004063f0       write_
Module: C:\WATCOM/lib386/nt\flib7.lib(ioinit.c)
00406660       IOSysInit_
Module: C:\WATCOM/lib386/nt\flib7.lib(fdutil.c)
00406690       LocFile_
004066a0       LocUnit_
004066d0       ExtractInfo_
Module: C:\WATCOM/lib386/nt\flib7.lib(rstdio.c)
00406800       _InitStandardInput_
00406830       _InitStandardOutput_
Module: C:\WATCOM/lib386/nt\clib3r.lib(memset.c)
00406860       memset_
Module: C:\WATCOM/lib386/nt\flib7.lib(deffname.c)
00416bac       _DefFName
Module: C:\WATCOM/lib386/nt\flib7.lib(stracc.c)
00406880       TrimStr_
004068c0       GetStr_
Module: C:\WATCOM/lib386/nt\clib3r.lib(memicmp.c)
004068f0       memicmp_
Module: C:\WATCOM/lib386/nt\flib7.lib(blderr.c)
004069b0       Substitute_
00406b70       ErrCodOrg_
Module: C:\WATCOM/lib386/nt\flib7.lib(sdfile.c)
00416bb4*      _FFCtrlSeq
00416bb6*      _SkipCtrlSeq
00416bb8       _NormalCtrlSeq
00416bba       _SDTermIn
00416bbe       _SDTermOut
00416bc2*      _SDPrtName
Module: C:\WATCOM/lib386/nt\flib7.lib(unfmtin.c)
00406b80       UnFmtIn_
00406c20+      NextUnFmtRec_
Module: C:\WATCOM/lib386/nt\flib7.lib(freein.c)
00407000+      GetNum_
00407200       FreeIn_
00407210*      DoFreeIn_
00407240+      BumpComma_
00407270+      Blanks_
00407290+      CheckEor_
Module: C:\WATCOM/lib386/nt\flib7.lib(unfmtout.c)
00407980       UnFmtOut_
Module: C:\WATCOM/lib386/nt\flib7.lib(freeout.c)
00407dd0       FreeOut_
00416bc8+      _OutRtn
Module: C:\WATCOM/lib386/nt\clib3r.lib(hdlman.c)
00416bfc+      ___NHandles
00416c00+      ___OSHandles
00416c04+      ___FakeHandles
00407eb0+      __growPOSIXHandles_
00407f50       __allocPOSIXHandle_
00408010       __freePOSIXHandle_
00408030       __getOSHandle_
00408040       __setOSHandle_
00408090+      __NTGetFakeHandle_
00408100       __initPOSIXHandles_
004081e0*      __set_handles_
004081f0*      _grow_handles_
Module: C:\WATCOM/lib386/nt\clib3r.lib(environ.c)
00418728       ___env_mask
0041872c       _environ
00418730       __wenviron
Module: C:\WATCOM/lib386/nt\clib3r.lib(getmodfn.c)
00408230       __lib_GetModuleFileNameW_
Module: C:\WATCOM/lib386/nt\clib3r.lib(strdup.c)
004082d0       __clib_strdup_
Module: C:\WATCOM/lib386/nt\clib3r.lib(istable.c)
00408310       __IsTable
Module: C:\WATCOM/lib386/nt\clib3r.lib(ustrdup.c)
00408411       __clib_wcsdup_
Module: C:\WATCOM/lib386/nt\clib3r.lib(nfree.c)
00408440       _nfree_
00408440       free_
00418734       ___MiniHeapFreeRover
Module: C:\WATCOM/lib386/nt\clib3r.lib(excptwnt.c)
00408bb0+      ___ReportException@4
00409000       __DefaultExceptionHandler_
00409040+      ___ExceptionFilter
00409250       __NewExceptionFilter_
00409280       __DoneExceptionFilter_
00416c10       ___oscode_check_func
00416c14       ___raise_func
00418738*      _sw
0041873c       ___ExceptionHandled
0041873d+      ___ReportInvoked
Module: C:\WATCOM/lib386/nt\clib3r.lib(stklmwnt.c)
004092c0       __init_stack_limits_
Module: C:\WATCOM/lib386/nt\clib3r.lib(initrtns.c)
00409340       __InitRtns
00409390       __FiniRtns
Module: C:\WATCOM/lib386/nt\clib3r.lib(setjmp)
004093e4       _setjmp_
0040941d       longjmp_
Module: C:\WATCOM/lib386/nt\clib3r.lib(exit.c)
004094a5+      __null_int23_exit_
004094a6       exit_
004094f6*      _exit_
00416c2c+      ___int23_exit
00416c30+      ___FPE_handler_exit
Module: C:\WATCOM/lib386/nt\clib3r.lib(mthrdini.c)
00409510       __InitThreadData_
00416c34       ___ThreadDataSize
Module: C:\WATCOM/lib386/nt\clib3r.lib(cmain386.c)
00409540       __CMain
Module: C:\WATCOM/lib386/nt\clib3r.lib(dosseg)
00001234       __DOSseg__
Module: C:\WATCOM/lib386/nt\clib3r.lib(8087cw.c)
00416c38       __8087cw
Module: C:\WATCOM/lib386/nt\clib3r.lib(save8087.c)
00416c3c       ___Save8087
00416c40       ___Rest8087
Module: C:\WATCOM/lib386/nt\clib3r.lib(init8087)
00409584       __x87id
Module: C:\WATCOM/lib386/nt\flib7.lib(csetinfo.c)
00418740       _CharSetInfo
Module: C:\WATCOM/lib386/nt\flib7.lib(errmsg.c)
004098f0       _GroupTable
004099a0       _ErrWord
Module: C:\WATCOM/lib386/nt\clib3r.lib(signlwnt.c)
00416c44+      __SignalTable
00409fd0+      __SetSignalFunc_
0040a020+      __GetSignalFunc_
0040a050+      __GetSignalOSCode_
0040a080+      __CheckSignalExCode_
0040a1c0+      __sigabort_
0040a1d0       __sigfpe_handler_
0040a220       signal_
0040a2b0+      raise_
0040a320+      __SigInit_
0040a370+      __SigFini_
0040a3b0+      __sig_init_
Module: C:\WATCOM/lib386/nt\flib7.lib(fptraps.c)
0040a490*      __MaskDefaultFPE_
0040a4b0       FPTrapInit_
0040a4e0       FPTrapFini_
Module: C:\WATCOM/lib386/nt\clib3r.lib(trdlist.c)
0040a550       __GetThreadData_
0040a5a0       __ReallocThreadData_
0040a690       __AddThreadData_
0040a710       __RemoveThreadData_
0040a770       __ResizeThreadDataList_
0040a7a0       __FreeThreadDataList_
0040a7d0*      __ActiveThreads_
Module: C:\WATCOM/lib386/nt\clib3r.lib(fgtattr.c)
0040a7f0       __fixed_GetFileAttributesA_
Module: C:\WATCOM/lib386/nt\clib3r.lib(dosret.c)
0040a890*      _dosretax_
0040a8a0*      _dosret0_
0040a8b0       __set_errno_dos_
0040a8e0*      __set_errno_dos_reterr_
0040a8f0       __set_errno_nt_
0040a900*      __set_errno_nt_reterr_
Module: C:\WATCOM/lib386/nt\clib3r.lib(seterrno.c)
0040a914       __set_errno_
0040a922*      __set_EDOM_
0040a930       __set_ERANGE_
0040a93e*      __set_EINVAL_
0040a951       __set_doserrno_
Module: C:\WATCOM/lib386/nt\clib3r.lib(gtcwdwnt.c)
0040a960       getcwd_
Module: C:\WATCOM/lib386/nt\clib3r.lib(nmalloc.c)
0040a9f0       _nmalloc_
0040a9f0       malloc_
00416db4       ___nheapbeg
00416db8       ___MiniHeapRover
00416dbc       ___LargestSizeB4MiniHeapRover
Module: C:\WATCOM/lib386/nt\clib3r.lib(iomode.c)
0040aaf0       __GetIOMode_
0040ab10       __SetIOMode_nogrow_
00416dc0       ___NFiles
00416dc4       ___init_mode
00416e14       ___io_mode
Module: C:\WATCOM/lib386/nt\clib3r.lib(iomodtty.c)
0040ab30       __ChkTTYIOMode_
0040ab70       __IOMode_
Module: C:\WATCOM/lib386/nt\clib3r.lib(ntdirinf.c)
0040ab90       __MakeDOSDT_
0040abc0*      __FromDOSDT_
0040abf0*      __GetNTDirInfo_
0040ac30*      __NTFindNextFileWithAttr_
Module: C:\WATCOM/lib386/nt\clib3r.lib(d2ttime.c)
0040ac90       _d2ttime_
Module: C:\WATCOM/lib386/nt\clib3r.lib(strerror.c)
0040b030       strerror_
0040b050*      _strerror_
0040b120*      _doserror_
00416e18+      __sys_errlist
00416ebc+      __sys_nerr
Module: C:\WATCOM/lib386/nt\clib3r.lib(_strcmp)
0040b150       strcmp_
Module: C:\WATCOM/lib386/nt\clib3r.lib(mbspbrk.c)
0040b290       _mbspbrk_
Module: C:\WATCOM/lib386/nt\clib3r.lib(mbsinc.c)
0040b2e0       _mbsinc_
Module: C:\WATCOM/lib386/nt\clib3r.lib(tolower.c)
0040b310       tolower_
Module: C:\WATCOM/lib386/nt\clib3r.lib(stiomode.c)
0040b320       __grow_iomode_
0040b3f0+      __shrink_iomode_
0040b430       __SetIOMode_
Module: C:\WATCOM/lib386/nt\clib3r.lib(close.c)
0040b4a0       close_
Module: C:\WATCOM/lib386/nt\clib3r.lib(openwnt.c)
0040b6c0*      open_
0040b6e0       sopen_
Module: C:\WATCOM/lib386/nt\clib3r.lib(lseek.c)
0040b710       lseek_
Module: C:\WATCOM/lib386/nt\flib7.lib(poscc.c)
0040b760*      __LineFeedWithFormFeed_
0040b770       FSetCC_
Module: C:\WATCOM/lib386/nt\clib3r.lib(unlnkwnt.c)
0040b7d0       unlink_
Module: C:\WATCOM/lib386/nt\clib3r.lib(chsizwnt.c)
0040b850       chsize_
Module: C:\WATCOM/lib386/nt\clib3r.lib(read.c)
0040b940       read_
Module: C:\WATCOM/lib386/nt\flib7.lib(errgrp.c)
0040bad0       _GrpCodes
Module: C:\WATCOM/lib386/nt\clib3r.lib(initfile.c)
0040bb90       __InitFiles_
Module: C:\WATCOM/lib386/nt\clib3r.lib(ioexit.c)
0040bc90*      fcloseall_
0040bca0       __full_io_exit_
Module: C:\WATCOM/lib386/nt\clib3r.lib(stackwnt.c)
0040bcb0       stackavail_
Module: C:\WATCOM/lib386/nt\clib3r.lib(stk)
0040bcc1*      __CHK
0040bcd1*      __STK
0040bcf0       __STKOVERFLOW_
0040bd00*      __GRO
0040bd20*      __alloca_probe
Module: C:\WATCOM/lib386/nt\clib3r.lib(getenv.c)
0040bd40       getenv_
Module: C:\WATCOM/lib386/nt\clib3r.lib(ltoa.c)
0040bdd0       ultoa_
0040be20       ltoa_
Module: C:\WATCOM/lib386/nt\clib3r.lib(__stos)
0040be50       __STOSB
0040be87*      __STOSD
Module: C:\WATCOM/lib386/nt\clib3r.lib(memmove.c)
0040bf00       memmove_
Module: C:\WATCOM/lib386/nt\clib3r.lib(itoa.c)
0040bf60       utoa_
0040bfb0       itoa_
Module: C:\WATCOM/lib386/nt\flib7.lib(rdutils.c)
0040bfe0       NextRec_
Module: C:\WATCOM/lib386/nt\flib7.lib(unfmtutl.c)
0040c0f0       _SizeVars
Module: C:\WATCOM/lib386/nt\flib7.lib(arrayio.c)
0040c190       ArrayIOType_
Module: C:\WATCOM/lib386/nt\clib3r.lib(toupper.c)
0040c210       toupper_
Module: C:\WATCOM/lib386/nt\flib7.lib(chrutils.c)
0040c220       JmpBlanks_
Module: C:\WATCOM/lib386/nt\flib7.lib(fmtcnvt.c)
0040c240       FmtS2I_
0040c370       FmtS2F_
Module: C:\WATCOM/lib386/nt\flib7.lib(wrutils.c)
0040c740       F_SendData_
0040c7a0*      SendLine_
0040c7b0       SendEOR_
0040c840*      SendInt_
0040c870       SendStr_
0040c890+      SendWSLStr_
0040c8b0       SendChar_
0040c8d0       Drop_
0040ca90       IOItemResult_
Module: C:\WATCOM/lib386/nt\flib7.lib(undefcg.c)
0040cba0       OutLogCG_
0040cbb0       OutIntCG_
0040cbf0+      FmtRealCG_
0040cc20+      FmtDoubleCG_
0040cc50+      FmtExtendedCG_
0040cc80+      UndefIntCG_
0040cc80+      UndefLogCG_
0040cc80+      UndefExtendedCG_
0040cc80+      UndefDoubleCG_
0040cc80+      UndefRealCG_
0040cc90+      GetRealCG_
00416ed8       _FmtRealRtn
00416edc       _FmtDoubleRtn
00416ee0       _FmtExtendedRtn
00416ee4       _SendStrRtn
00416ee8       _UndefRealRtn
00416eec       _UndefDoubleRtn
00416ef0       _UndefExtendedRtn
00416ef4       _UndefLogRtn
00416ef8       _UndefIntRtn
00416efc       _GetRealRtn
Module: C:\WATCOM/lib386/nt\flib7.lib(cctrl.c)
0040cca0       CheckCCtrl_
Module: C:\WATCOM/lib386/nt\clib3r.lib(nrealloc.c)
0040cd10*      _nrealloc_
0040cd10       realloc_
Module: C:\WATCOM/lib386/nt\clib3r.lib(setenvp.c)
0040cd90       __setenvp_
0040ce50       __freeenvp_
Module: C:\WATCOM/lib386/nt\clib3r.lib(ustrlen.c)
0040ce9d       wcslen_
Module: C:\WATCOM/lib386/nt\clib3r.lib(memcpy.c)
0040ceb0       memcpy_
Module: C:\WATCOM/lib386/nt\clib3r.lib(mem.c)
0040ced0       __MemAllocator
0040cf80       __MemFree
Module: C:\WATCOM/lib386/nt\clib3r.lib(conutwnt.c)
0040d0d0*      __NTRealKey_
0040d180*      __NTConsoleInput_
0040d190       __NTConsoleOutput_
Module: C:\WATCOM/lib386/nt\clib3r.lib(fclex387.c)
0040d1a0       _ClearFPE_
Module: C:\WATCOM/lib386/nt\clib3r.lib(ljmphdl.c)
00416f08       ___longjmp_handler
Module: C:\WATCOM/lib386/nt\clib3r.lib(cinit.c)
0040d1c0       __CommonInit_
Module: C:\WATCOM/lib386/nt\clib3r.lib(___argc.c)
00418860       ____Argc
00418864       ____Argv
Module: C:\WATCOM/lib386/nt\flib7.lib(rtmain.c)
0040d1d0       main_
Module: C:\WATCOM/lib386/nt\clib3r.lib(abort.c)
0040d1f7*      abort_
0040d209       __terminate_
00416f0c       ___abort
Module: C:\WATCOM/lib386/nt\clib3r.lib(cntrl87.c)
0040d220       _control87_
Module: C:\WATCOM/lib386/nt\clib3r.lib(mthread.c)
0040d400+      __CloseSemaphore_
0040d440+      __AccessIOB_
0040d450+      __ReleaseIOB_
0040d460+      __AccessFileH_
0040d470+      __ReleaseFileH_
0040d480+      __AccessNHeap_
0040d490+      __ReleaseNHeap_
0040d4a0+      __AccessFHeap_
0040d4b0+      __ReleaseFHeap_
0040d4c0+      __AccessTDList_
0040d4d0+      __ReleaseTDList_
0040d4e0+      __AccessFList_
0040d4f0+      __AccessSemaphore_
0040d550+      __ReleaseFList_
0040d560+      __ReleaseSemaphore_
0040d590+      __MultipleThread_
0040d5e0+      __AllocInitThreadData_
0040d630*      __FreeInitThreadData_
0040d640       __NTThreadInit_
0040d6b0       __NTAddThread_
0040d700       __NTRemoveThread_
0040d790       __InitMultipleThread_
00416f10+      ___AccessSema4
00416f14+      ___ReleaseSema4
00416f18+      ___CloseSema4
Module: C:\WATCOM/lib386/nt\clib3r.lib(xmsgwnt.c)
0040d950+      __exit_with_msg_
0040d9b0       __fatal_runtime_error_
Module: C:\WATCOM/lib386/nt\clib3r.lib(calloc.c)
0040d9d0       calloc_
Module: C:\WATCOM/lib386/nt\clib3r.lib(register.c)
0040da00       __initthread_
0040da10*      _beginthread_
0040da20       _endthread_
0040da30*      __RegisterThreadData_
Module: C:\WATCOM/lib386/nt\clib3r.lib(nmemneed.c)
0040da80       __nmemneed_
Module: C:\WATCOM/lib386/nt\clib3r.lib(grownear.c)
0040dbf0       __ExpandDGROUP_
Module: C:\WATCOM/lib386/nt\clib3r.lib(isattwnt.c)
0040dc10       isatty_
Module: C:\WATCOM/lib386/nt\clib3r.lib(strncpy.c)
0040dc30       strncpy_
Module: C:\WATCOM/lib386/nt\clib3r.lib(mktime.c)
0040dc70       mktime_
Module: C:\WATCOM/lib386/nt\clib3r.lib(mbterm.c)
0040dd00       _mbterm_
Module: C:\WATCOM/lib386/nt\clib3r.lib(mbsnextc.c)
0040dd40       _mbsnextc_
Module: C:\WATCOM/lib386/nt\clib3r.lib(mbschr.c)
0040dd80       _mbschr_
Module: C:\WATCOM/lib386/nt\clib3r.lib(mbisdbcs.c)
00418fd4       ___IsDBCS
Module: C:\WATCOM/lib386/nt\clib3r.lib(mbislead.c)
0040dde0*      _ismbblead_
00418fd8       ___MBCSIsTable
Module: C:\WATCOM/lib386/nt\clib3r.lib(_clsewnt.c)
0040de00       __close_
Module: C:\WATCOM/lib386/nt\clib3r.lib(ntfio.c)
0040de60*      __GetNTCreateAttr_
0040dea0       __GetNTAccessAttr_
0040ded0       __GetNTShareAttr_
Module: C:\WATCOM/lib386/nt\clib3r.lib(umaskval.c)
00416f28       ___umaskval
Module: C:\WATCOM/lib386/nt\clib3r.lib(__lseek.c)
0040df30       __lseek_
Module: C:\WATCOM/lib386/nt\clib3r.lib(fclose.c)
0040df70+      __doclose_
0040e010       __shutdown_stream_
0040e030*      fclose_
004190dc+      ___RmTmpFileFn
Module: C:\WATCOM/lib386/nt\clib3r.lib(freefp.c)
0040e080       __freefp_
0040e0d0       __purgefp_
Module: C:\WATCOM/lib386/nt\clib3r.lib(mbcupper.c)
0040e100       _mbctoupper_
Module: C:\WATCOM/lib386/nt\clib3r.lib(alphabet.c)
00416098       ___Alphabet
Module: C:\WATCOM/lib386/nt\flib7.lib(ifile.c)
0040e130       SendIFBuff_
0040e160       NextIFBuff_
Module: C:\WATCOM/lib386/nt\flib7.lib(intarith.c)
0040e190       AddIOFlo_
0040e1a0*      SubIOFlo_
0040e1b0       MulIOFlo_
Module: C:\WATCOM/lib386\math387r.lib(strtod.c)
0040e6d3+      __Strtold_
0040e83a       strtod_
Module: C:\WATCOM/lib386/nt\flib7.lib(expchk.c)
0040e980       ToFFormat_
Module: C:\WATCOM/lib386/nt\flib7.lib(fmtrtns.c)
0040e9d0       R_F2E_
0040eb40       R_F2F_
0040ecd0       SetMaxPrec_
Module: C:\WATCOM/lib386/nt\flib7.lib(rfmtlog.c)
0040ecf0       R_FmtLog_
Module: C:\WATCOM/lib386/nt\flib7.lib(rfmtutil.c)
0040ed50+      R_ChkType_
0040ed80*      R_NewRec_
0040edc0*      R_ChkIType_
0040edf0*      R_ChkFType_
0040ee20*      R_ChkRecLen_
0040ee40+      GetLen_
0040ee80*      R_FOStr_
0040ee90*      FOString_
0040ef00*      R_FIStr_
0040efc0+      R_FOLog_
0040f010*      R_FILog_
0040f0f0*      R_FIFloat_
0040f2e0       GetReal_
0040f3f0*      R_FOF_
0040f470*      R_FOE_
0040f5b0+      FmtH2B_
0040f6a0*      R_FIHex_
0040f820*      R_FOHex_
0040f830*      FOHex_
0040f930*      R_FIInt_
0040fa40*      R_FOInt_
0040fca0*      R_FOG_
0040ff20+      ChkBuffLen_
Module: C:\WATCOM/lib386/nt\clib3r.lib(nmsize.c)
0040ff50       _nmsize_
0040ff50*      _msize_
Module: C:\WATCOM/lib386/nt\clib3r.lib(nexpand.c)
0040ff60       _nexpand_
0040ff60*      _expand_
0040ffa0+      __HeapManager_expand_
Module: C:\WATCOM/lib386/nt\clib3r.lib(dofilstr.c)
00410180       __ParsePosixHandleStr_
Module: C:\WATCOM/lib386/nt\clib3r.lib(clearenv.c)
004102a0       clearenv_
Module: C:\WATCOM/lib386/nt\clib3r.lib(argcv.c)
004190e0       __argc
004190e4       __argv
004190e8       ___argv
004190ec       ___argc
Module: C:\WATCOM/lib386/nt\clib3r.lib(trdalloc.c)
00410330       __FiniThreadProcessing_
Module: C:\WATCOM/lib386/nt\clib3r.lib(nheapmin.c)
00410340       _nheapshrink_
00410340*      _nheapmin_
00410340*      _heapmin_
00410340       _heapshrink_
Module: C:\WATCOM/lib386/nt\clib3r.lib(thredwnt.c)
004104e0       __CBeginThread_
00410580       __CEndThread_
Module: C:\WATCOM/lib386/nt\clib3r.lib(amblksiz.c)
00416f2c       __amblksiz
Module: C:\WATCOM/lib386/nt\clib3r.lib(heapen.c)
004105c0*      _heapenable_
00416f30       ___heap_enabled
Module: C:\WATCOM/lib386/nt\clib3r.lib(locmktim.c)
004105f0       __local_mktime_
Module: C:\WATCOM/lib386/nt\clib3r.lib(gmtime.c)
00410770       __brktime_
00410870+      _gmtime_
00410890*      gmtime_
Module: C:\WATCOM/lib386/nt\clib3r.lib(tzset.c)
00416f34       ___start_dst
00416f58       ___end_dst
00417080*      _tzname
00417088       _timezone
0041708c       _daylight
00417090       ___dst_adjust
00410900*      __DontCacheOSTZ_
00410910*      __CacheOSTZ_
00410df0+      __parse_tz_
004111e0       tzset_
Module: C:\WATCOM/lib386/nt\clib3r.lib(timeutil.c)
00411350       __isindst_
Module: C:\WATCOM/lib386/nt\clib3r.lib(mbconv.c)
00411680       _mbvtop_
Module: C:\WATCOM/lib386/nt\clib3r.lib(mbclen.c)
004116a0       _mbclen_
Module: C:\WATCOM/lib386/nt\clib3r.lib(mbccmp.c)
004116d0       _mbccmp_
Module: C:\WATCOM/lib386/nt\clib3r.lib(mbinit.c)
00411745       __mbinit_
00417098       ___MBCodePage
Module: C:\WATCOM/lib386/nt\clib3r.lib(flush.c)
00411840       __flush_
Module: C:\WATCOM/lib386\math387r.lib(bufld386)
0041193c       __ZBuf2LD
Module: C:\WATCOM/lib386\math387r.lib(ldcvt.c)
00411abe       _LDScale10x_
00412065       __LDcvt_
Module: C:\WATCOM/lib386\math387r.lib(inf_nan.c)
004124b2*      ___f_infinity
004124b6*      ___f_posqnan
004124ba       ___d_infinity
004124c2       ___d_posqnan
004124ca*      ___ld_infinity
004124d2*      ___ld_posqnan
Module: C:\WATCOM/lib386/nt\clib3r.lib(hugeval.c)
004124e0       __HugeValue
Module: C:\WATCOM/lib386/nt\flib7.lib(flt86.c)
004124f0       _P1d100
004124f8       _P1d_99
Module: C:\WATCOM/lib386\math387r.lib(pow87)
00412659*      pow_
00412500       IF@DPOW
00412500*      IF@POW
Module: C:\WATCOM/lib386/nt\flib7.lib(hexcnv.c)
00412680       Hex_
004126a0*      HSToB_
00412710       BToHS_
Module: C:\WATCOM/lib386/nt\clib3r.lib(strupr.c)
00412760       strupr_
Module: C:\WATCOM/lib386/nt\clib3r.lib(strtol.c)
004129a0*      strtoul_
004129b0       strtol_
Module: C:\WATCOM/lib386/nt\clib3r.lib(putenv.c)
004129c0       putenv_
00412c50       __putenv_
Module: C:\WATCOM/lib386/nt\clib3r.lib(initargv.c)
00412dc0       __Init_Argv_
00412e10+      _getargv_
00412fb0       __Fini_Argv_
Module: C:\WATCOM/lib386/nt\clib3r.lib(leapyear.c)
00412fc0       __leapyear_
004160f8       ___diyr
00416112       ___dilyr
Module: C:\WATCOM/lib386/nt\clib3r.lib(wcstombs.c)
00413000       wcstombs_
Module: C:\WATCOM/lib386/nt\clib3r.lib(fsync.c)
004130a0       fsync_
Module: C:\WATCOM/lib386/nt\clib3r.lib(qwrit.c)
004130f0       __qwrite_
Module: C:\WATCOM/lib386\math387r.lib(ldclass.c)
004131d0       __LDClass_
00413220*      _FLClass_
Module: C:\WATCOM/lib386/nt\clib3r.lib(chipvar)
004171d0       ___chipbug
004171d0       __chipbug
Module: C:\WATCOM/lib386\math387r.lib(pow87e.c)
00413230       __pow87_err_
Module: C:\WATCOM/lib386\math387r.lib(exp87)
0041331f*      exp_
004132b8*      __@DEXP1
004132c0*      IF@EXP
004132c0*      IF@DEXP
004132c2       __@DEXP
Module: C:\WATCOM/lib386/nt\clib3r.lib(chipd32.asm)
00413443       __fdiv_fpr
00413905*      __fdiv_chk
00413918*      __fdiv_m32
00413965*      __fdiv_m64
004139b2*      __fdiv_m32r
004139ff*      __fdiv_m64r
Module: C:\WATCOM/lib386/nt\clib3r.lib(mbslen.c)
00413a50       _mbslen_
Module: C:\WATCOM/lib386/nt\clib3r.lib(mbstowcs.c)
00413a80       mbstowcs_
Module: C:\WATCOM/lib386/nt\clib3r.lib(uputenv.c)
00413b00*      _wputenv_
00413d20       __wputenv_
Module: C:\WATCOM/lib386/nt\clib3r.lib(histsplt.c)
004190f4       ___historical_splitparms
Module: C:\WATCOM/lib386/nt\clib3r.lib(wctomb.c)
00413e20       wctomb_
Module: C:\WATCOM/lib386/nt\clib3r.lib(chipbug.c)
00413e60       __verify_pentium_fdiv_bug_
Module: C:\WATCOM/lib386/nt\flib7.lib(_matherr.c)
00413ec0*      __imath2err_
00413f00*      __amath1err_
00413f30*      __amath2err_
00413f60       __math2err_
00414070       __math1err_
00414080*      __zmath2err_
004140e0*      __qmath2err_
Module: C:\WATCOM/lib386\math387r.lib(math87e.c)
00414146       __math87_err_
Module: C:\WATCOM/lib386/nt\clib3r.lib(mbtowc.c)
004141c0       mbtowc_
Module: C:\WATCOM/lib386/nt\clib3r.lib(ustrchr.c)
00414250       wcschr_
Module: C:\WATCOM/lib386/nt\clib3r.lib(setenvar.c)
00414270       __lib_SetEnvironmentVariableW_
Module: C:\WATCOM/lib386/nt\clib3r.lib(crtwenv.c)
00414360       __create_wide_environment_
Module: C:\WATCOM/lib386/nt\clib3r.lib(utoupper.c)
004143c8       towupper_


                        +----------------------+
                        |   Imported Symbols   |
                        +----------------------+

Symbol                              Module
======                              ======

_MessageBoxA@16                     USER32.DLL
_GetEnvironmentStringsA@0           KERNEL32.DLL
_GetVersion@0                       KERNEL32.DLL
_GetModuleFileNameA@12              KERNEL32.DLL
_GetCommandLineA@0                  KERNEL32.DLL
_GetCommandLineW@0                  KERNEL32.DLL
_FreeEnvironmentStringsA@4          KERNEL32.DLL
_GetModuleHandleA@4                 KERNEL32.DLL
_ExitProcess@4                      KERNEL32.DLL
_RtlUnwind@16                       KERNEL32.DLL
_GetFullPathNameA@16                KERNEL32.DLL
_GetFileType@4                      KERNEL32.DLL
_GetFileInformationByHandle@8       KERNEL32.DLL
_GetFileTime@16                     KERNEL32.DLL
_GetFileSize@8                      KERNEL32.DLL
_CreateFileA@28                     KERNEL32.DLL
_CloseHandle@4                      KERNEL32.DLL
_GetLastError@0                     KERNEL32.DLL
_GetDriveTypeA@4                    KERNEL32.DLL
_FindFirstFileA@8                   KERNEL32.DLL
_FindClose@4                        KERNEL32.DLL
_SetFilePointer@16                  KERNEL32.DLL
_WriteFile@20                       KERNEL32.DLL
_SetStdHandle@8                     KERNEL32.DLL
_CreateEventA@16                    KERNEL32.DLL
_GetStdHandle@4                     KERNEL32.DLL
_GetModuleFileNameW@12              KERNEL32.DLL
_MultiByteToWideChar@24             KERNEL32.DLL
_LoadLibraryA@4                     KERNEL32.DLL
_GetProcAddress@8                   KERNEL32.DLL
_SetUnhandledExceptionFilter@4      KERNEL32.DLL
_UnhandledExceptionFilter@4         KERNEL32.DLL
_VirtualQuery@12                    KERNEL32.DLL
_GetCurrentThreadId@0               KERNEL32.DLL
_SetConsoleCtrlHandler@8            KERNEL32.DLL
_TlsGetValue@4                      KERNEL32.DLL
_TlsSetValue@8                      KERNEL32.DLL
_GetFileAttributesA@4               KERNEL32.DLL
_GetCurrentDirectoryA@8             KERNEL32.DLL
_FileTimeToLocalFileTime@8          KERNEL32.DLL
_FileTimeToDosDateTime@12           KERNEL32.DLL
_DosDateTimeToFileTime@12           KERNEL32.DLL
_LocalFileTimeToFileTime@8          KERNEL32.DLL
_FindNextFileA@8                    KERNEL32.DLL
_FormatMessageA@28                  KERNEL32.DLL
_DeleteFileA@4                      KERNEL32.DLL
_SetEndOfFile@4                     KERNEL32.DLL
_ReadFile@20                        KERNEL32.DLL
_InitializeCriticalSection@4        KERNEL32.DLL
_DeleteCriticalSection@4            KERNEL32.DLL
_LeaveCriticalSection@4             KERNEL32.DLL
_EnterCriticalSection@4             KERNEL32.DLL
_SetLastError@4                     KERNEL32.DLL
_TlsAlloc@0                         KERNEL32.DLL
_TlsFree@4                          KERNEL32.DLL
_VirtualAlloc@16                    KERNEL32.DLL
_CharUpperA@4                       USER32.DLL
_VirtualFree@12                     KERNEL32.DLL
_CreateThread@24                    KERNEL32.DLL
_ResumeThread@4                     KERNEL32.DLL
_ExitThread@4                       KERNEL32.DLL
_GetTimeZoneInformation@4           KERNEL32.DLL
_GetACP@0                           KERNEL32.DLL
_GetOEMCP@0                         KERNEL32.DLL
_GetCPInfo@8                        KERNEL32.DLL
_SetEnvironmentVariableA@8          KERNEL32.DLL
_FlushFileBuffers@4                 KERNEL32.DLL
_WideCharToMultiByte@32             KERNEL32.DLL
_SetEnvironmentVariableW@8          KERNEL32.DLL


                        +--------------------+
                        |   Libraries Used   |
                        +--------------------+

C:\WATCOM/lib386/nt\kernel32.lib
C:\WATCOM/lib386/nt\user32.lib
C:\WATCOM/lib386/nt\flib7.lib
C:\WATCOM/lib386\math387r.lib
C:\WATCOM/lib386/nt\clib3r.lib
C:\WATCOM/lib386/nt\emu387.lib


                        +-----------------------+
                        |   Linker Statistics   |
                        +-----------------------+

Stack size:  00010000 (65536.)
Memory size:  003f76fc (4159228.)
Entry point address: 00401f50
Link time: 00:00.13
