Open Watcom Linker Version 1.9
Portions Copyright (c) 1985-2002 Sybase, Inc. All Rights Reserved.
Created on:       25/02/13 11:22:22
Executable Image: l3.exe
creating a Windows NT character-mode executable


                        +------------+
                        |   Groups   |
                        +------------+

Group                           Address              Size
=====                           =======              ====

.idata                          00416000             00000786
DGROUP                          00417000             0001cd40



                        +--------------+
                        |   Segments   |
                        +--------------+

Segment                Class          Group          Address         Size
=======                =====          =====          =======         ====

BEGTEXT                CODE           AUTO           00401000        00000007
_TEXT                  CODE           AUTO           00401010        00013ec8
TRANSFER CODE          CODE           AUTO           00414ed8        0000019e
.idata                 .idata         .idata         00416000        00000786
_NULL                  BEGDATA        DGROUP         00417000        00000004
_AFTERNULL             BEGDATA        DGROUP         00417004        00000000
CONST                  DATA           DGROUP         00417010        00000138
_DATA                  DATA           DGROUP         00417150        000010cc
CONST2                 DATA           DGROUP         0041821c        00000000
XIB                    DATA           DGROUP         0041821c        00000000
XI                     DATA           DGROUP         0041821c        0000004e
XIE                    DATA           DGROUP         0041826a        00000000
YIB                    DATA           DGROUP         0041826a        00000000
YI                     DATA           DGROUP         0041826a        00000030
YIE                    DATA           DGROUP         0041829a        00000000
TIB                    DATA           DGROUP         0041829a        00000000
TI                     DATA           DGROUP         0041829a        00000000
TIE                    DATA           DGROUP         0041829a        00000000
DATA                   DATA           DGROUP         0041829a        00000000
DATA32                 DATA           DGROUP         0041829c        0000011c
SIZE                   SIZE           DGROUP         00419000        00000008
CONST32                CONST          DGROUP         00419008        00000000
_BSS                   BSS            DGROUP         00419010        000010e8
GDATA@0                BSS            DGROUP         0041a100        00009c40
BSS32                  BSS            DGROUP         00423d40        00000000
STACK                  STACK          DGROUP         00423d40        00010000


                        +----------------+
                        |   Memory Map   |
                        +----------------+

* = unreferenced symbol
+ = symbol only referenced locally

Address        Symbol
=======        ======

Module: l3src.obj(C:\Users\borov\Documents\PV\lab3\l3src.for)
00401010       FMAIN
00401165+      READVECTOR
0040125a+      READDIMENSION
00401321+      PRINTVECTOR
00419000+      SIZE
Module: C:\Users\borov\Documents\WATCOM/lib386\math387r.lib(fchop87)
004013ac       __CHP
Module: C:\Users\borov\Documents\WATCOM/lib386/nt\flib7.lib(pause.c)
004013e0       RT@Pause
004171c0*      LG@PAUSE_HOOK
Module: C:\Users\borov\Documents\WATCOM/lib386/nt\flib7.lib(setunit.c)
00401430       RT@SetUnit
Module: C:\Users\borov\Documents\WATCOM/lib386/nt\flib7.lib(setfile.c)
00401470       RT@SetFile
Module: C:\Users\borov\Documents\WATCOM/lib386/nt\flib7.lib(setstat.c)
00401490       RT@SetStat
Module: C:\Users\borov\Documents\WATCOM/lib386/nt\flib7.lib(seterr.c)
004014b0       RT@SetErr
Module: C:\Users\borov\Documents\WATCOM/lib386/nt\flib7.lib(exopen.c)
00401bf0       RT@IOOpen
004171c4+      _AccModTab
004171d4+      _FormTab
004171e0+      _OpStatTab
004171f4+      _BlnkTab
00417200+      _RecFmTab
00417210+      _CCtrlTab
0041721c+      _ActionTab
0041722c+      _ShareTab
Module: C:\Users\borov\Documents\WATCOM/lib386/nt\flib7.lib(coread)
00401c06       RT@IORead
00401c15*      RT@InpLOG1
00401c24*      RT@InpLOG4
00401c33*      RT@InpINT1
00401c42*      RT@InpINT2
00401c51       RT@InpINT4
00401c60       RT@InpREAL
00401c6f*      RT@InpDBLE
00401c7e*      RT@InpXTND
00401c8d*      RT@InpCPLX
00401c9c*      RT@InpDBCX
00401cab*      RT@InpXTCX
00401cba*      RT@InpCHAR
00401cbf*      RT@InpSTR
00401cc4*      RT@InpArr
00401cc9*      RT@InpChArr
Module: C:\Users\borov\Documents\WATCOM/lib386/nt\flib7.lib(cortns)
00417244*      _FRT_SaveESP
00401cd9*      SwitchToGen
00401cf7       SwitchToRT
00401d15       RdWrCommon
00401db9       IOType_
00401dd7       IOChar
00401df2       IOStr
00401e07       IOArr
00401e22       IOChArr
00401e44       RT@EndIO
Module: C:\Users\borov\Documents\WATCOM/lib386/nt\flib7.lib(exclose.c)
00401f40       RT@IOClose
Module: C:\Users\borov\Documents\WATCOM/lib386/nt\flib7.lib(cowrite)
00401f56       RT@IOWrite
00401f65*      RT@OutLOG1
00401f77*      RT@OutLOG4
00401f85*      RT@OutINT1
00401f97*      RT@OutINT2
00401fa7*      RT@OutINT4
00401fb6       RT@OutREAL
00401fc6*      RT@OutDBLE
00401fd6*      RT@OutXTND
00401fe6*      RT@OutCPLX
00401ffc*      RT@OutDBCX
00402012*      RT@OutXTCX
00402028       RT@OutCHAR
0040202d*      RT@OutSTR
00402032*      RT@PrtArr
00402037*      RT@PrtChArr
Module: C:\Users\borov\Documents\WATCOM/lib386/nt\flib7.lib(stop.c)
00402060       RT@Stop
00417274+      LG@STOP_HOOK
Module: C:\Users\borov\Documents\WATCOM/lib386/nt\flib7.lib(setfmt.c)
004020d0       RT@SetFmt
Module: C:\Users\borov\Documents\WATCOM/lib386/nt\clib3r.lib(cstrtwnt)
004020f0       _cstart_
004020f0*      mainCRTStartup
Module: C:\Users\borov\Documents\WATCOM/lib386/nt\clib3r.lib(_8087)
00417278       __8087
00417279       __real87
Module: C:\Users\borov\Documents\WATCOM/lib386/nt\emu387.lib(386)
0040214c       __init_387_emulator
0040214d*      __fini_387_emulator
Module: C:\Users\borov\Documents\WATCOM/lib386/nt\flib7.lib(initeng.c)
00419010       __init_english
Module: C:\Users\borov\Documents\WATCOM/lib386/nt\flib7.lib(initerr.c)
00419014       __init_error
Module: C:\Users\borov\Documents\WATCOM/lib386/nt\flib7.lib(rtinit.c)
0041727c       ___FAppType
00417280       __ExceptionInit
00417284       __ExceptionFini
00402160*      __InitFThreadData_
004021a0+      RTSysFini_
004021b0       RTSysInit_
0041728c       __AccessFIO
00417290       __ReleaseFIO
00417294       __PartialReleaseFIO
00419018       ___FThreadDataOffset
0041823a*      ___fthread_data_size
Module: C:\Users\borov\Documents\WATCOM/lib386/nt\flib7.lib(rtsysutl.c)
00402210       GetSysIOInfo_
00402230       GetSysFileInfo_
00402260       IsDevice_
00402430       OpenAction_
00402470*      DfltRecType_
00402490+      _FileAttrs_
00402550       CloseFile_
004025c0       Scrtched_
004025e0       CloseDeleteFile_
00402630       Errf_
00402650       FPutBuff_
004026c0       FGetBuff_
00402710       SeekFile_
00402730       NoEOF_
00402740       SysClearEOF_
00402750       SameFile_
00402760*      Rewindf_
00402780       SysCreateFile_
004027c0       CheckLogicalRecord_
004027e0       SkipLogicalRecord_
00402800*      BackSpacef_
00402830*      EndFilef_
00402870       GetIOErrMsg_
004028b0       ReportNExist_
004028d0       ReportEOF_
004028e0       WaitForEnter_
Module: C:\Users\borov\Documents\WATCOM/lib386/nt\flib7.lib(rterr.c)
00417298+      _TraceRoutine
00402910       FlushStdUnit_
00402960+      WriteErr_
00402a30       ErrHandler_
00402a70       RTErr_
004172a4+      LG@ERR_HOOK
Module: C:\Users\borov\Documents\WATCOM/lib386/nt\flib7.lib(stdio.c)
00402ab0       StdBuffer_
00402ad0       StdWrite_
00402bb0       StdFlush_
00402be0       StdWriteNL_
Module: C:\Users\borov\Documents\WATCOM/lib386/nt\flib7.lib(setiocb.c)
00402c10       RT@SetIOCB
Module: C:\Users\borov\Documents\WATCOM/lib386/nt\flib7.lib(rdata.c)
00419020       _IORslt
00419030       _FmtBuff
00419034*      _Fmt_revert
00419038*      _Fmt_start
0041903c*      _Fmt_paren_level
00419040*      _Fmt_charptr
00419044*      _FmtEmStruct
00419048       _IOTypeRtn
0041904c*      _Fmt_end
00419050*      _Fmt_rep_spec
00419054       _FmtRoutine
00419058       _IOCB
0041905c       _Files
00419060*      _Fmt_delimited
Module: C:\Users\borov\Documents\WATCOM/lib386/nt\flib7.lib(rtutls.c)
00402cc0       FindFtnFile_
00402db0       RChkAlloc_
00402de0       F_Connect_
00402e60       ConnectFile_
00402e70       GetFileInfo_
00402f60       DiscoFile_
00402fd0*      ChkFileName_
00403000+      ChkLogFile_
00403040       ChkIOOperation_
00403080       GetIOErr_
00403090       ChkIOErr_
004030b0       ChkUnitId_
004030f0*      ChkConnected_
00403110       SetEOF_
00403140       ClearEOF_
00403180       SysEOF_
004031b0       IsFixed_
004031c0       IsCarriage_
004031d0*      ChkRecordStructure_
00403200*      ChkSequential_
00403220*      ChkExist_
00403250       StrItem_
Module: C:\Users\borov\Documents\WATCOM/lib386/nt\flib7.lib(exutil.c)
004032d0       FindKWord_
00403360*      ClrBuff_
004176b0       _SpecId
Module: C:\Users\borov\Documents\WATCOM/lib386/nt\flib7.lib(ioerr.c)
004033b0       IOErr_
Module: C:\Users\borov\Documents\WATCOM/lib386/nt\flib7.lib(runmain.c)
00403440*      __InitUnit6CC_
00403450       __DevicesCC_
00403460*      __InitAllowCommaSeparator_
00403470       __AllowCommaSep_
00403480+      _InitIO_
004034f0+      CloseAllFiles_
00403530*      _FiniEx_
00403530       RunExit_
00403570       RunEntry_
Module: C:\Users\borov\Documents\WATCOM/lib386/nt\flib7.lib(rdwr.c)
004035a0       DoOpen_
004035d0+      _AllocBuffer_
00403610       IOPrologue_
00403850       UpdateRecNum_
Module: C:\Users\borov\Documents\WATCOM/lib386/nt\flib7.lib(iomain.c)
00403890       __ReleaseIOSys_
004038b0       IOMain_
Module: C:\Users\borov\Documents\WATCOM/lib386/nt\flib7.lib(exread.c)
00403ae0       DoRead_
Module: C:\Users\borov\Documents\WATCOM/lib386/nt\clib3r.lib(crwdata)
00417720       __osmajor
00417721       __osminor
00417722       __osbuild
00417724       __osver
00417728       __winmajor
0041772c       __winminor
00417730       __winver
004176ec       __LpDllName
004176f0       __LpwCmdLine
004176f4       __LpwPgmName
004176f8       __LpwDllName
004176e4       __LpCmdLine
004176e8       __LpPgmName
004176dc*      __dynend
004176e0       __curbrk
004176fc*      __STACKLOW
00417700       __STACKTOP
00417704       __ASTACKSIZ
00417708       __ASTACKPTR
0041770c*      __cbyte
00417710*      __cbyte2
00417714*      __child
0041771a       __Envptr
0041771e*      __Envseg
00417718       __no87
00417734       ___FPE_handler
Module: C:\Users\borov\Documents\WATCOM/lib386/nt\flib7.lib(thrdutil.c)
00403b70*      __InitMultiThreadIO_
0041773c       ___SwitchStkLow
Module: C:\Users\borov\Documents\WATCOM/lib386/nt\flib7.lib(exwrite.c)
00403bf0       DoWrite_
Module: C:\Users\borov\Documents\WATCOM/lib386/nt\clib3r.lib(mainwnt.c)
00417740       ___TlsIndex
00417744       ___FirstThreadData
00417748       ___GetThreadPtr
0041774c       __AccessFileH
00417750       __ReleaseFileH
00417754       __AccessIOB
00417758       __ReleaseIOB
0041775c       __AccessNHeap
00417760       __AccessFHeap
00417764       __ReleaseNHeap
00403c30*      __threadid_
00403c50+      __sig_null_rtn_
00403c60+      __NTInit_
00403e40+      __NTFini_
00403ea0       __NTMainInit_
00403f00       __exit_
00417768       __ReleaseFHeap
0041776c       __AccessTDList
00417770       __ReleaseTDList
00417774       __AccessFList
00417778       __ReleaseFList
0041777c       __ThreadExitRtn
00417780       ___sig_init_rtn
00417784       ___sig_fini_rtn
00417788       ___process_fini
00419070       ___Is_DLL
Module: C:\Users\borov\Documents\WATCOM/lib386/nt\flib7.lib(spawn.c)
00403f50       Spawn_
00403fb0       Suicide_
Module: C:\Users\borov\Documents\WATCOM/lib386/nt\flib7.lib(rfmtexec.c)
00404920       R_FExec_
Module: C:\Users\borov\Documents\WATCOM/lib386/nt\clib3r.lib(main2wnt.c)
00404950       __NTMain
Module: C:\Users\borov\Documents\WATCOM/lib386/nt\clib3r.lib(segdefns)
00401003       ___begtext
00417000*      __nullarea
0041821c       __Start_XI
0041826a       __End_XI
0041826a       __Start_YI
0041829a       __End_YI
Module: C:\Users\borov\Documents\WATCOM/lib386/nt\clib3r.lib(chk8087.c)
004049d0*      _fpreset_
00404a10       __chk8087_
00404a20*      __init_8087_
Module: C:\Users\borov\Documents\WATCOM/lib386/nt\flib7.lib(english.c)
00404a70       __UseEnglishCharSet_
Module: C:\Users\borov\Documents\WATCOM/lib386/nt\flib7.lib(errincl.c)
00404b80       __InitError_
0041778c+      _PGroupTable
00417790+      _PErrWord
Module: C:\Users\borov\Documents\WATCOM/lib386/nt\flib7.lib(rttraps.c)
00404c90       __EnableF77RTExceptionHandling_
00404ca0       R_TrapInit_
00404d30       R_TrapFini_
00404d40*      __InitExceptionVectors_
Module: C:\Users\borov\Documents\WATCOM/lib386/nt\flib7.lib(errrtns.c)
0041968c       ___ErrorFini
00419690       ___ErrorInit
00419694       ___BldErrMsg
Module: C:\Users\borov\Documents\WATCOM/lib386/nt\clib3r.lib(nodefwin.c)
00417794*      __WindowsIsWindowedHandle
00417798*      __WindowsRemoveWindowedHandle
0041779c*      __WindowsNewWindow
004177a0*      __WindowsCloseWindow
004177a4*      __WindowsSetAbout
004177a8*      __WindowsSetAppTitle
004177ac*      __WindowsSetConTitle
004177b0*      __WindowsDestroyOnClose
004177b4*      __WindowsYieldControl
004177b8*      __WindowsShutDown
004177bc*      __WindowsStdin
004177c0       __WindowsStdout
004177c4*      __WindowsKbhit
004177c8*      __WindowsGetch
004177cc*      __WindowsGetche
004177d0*      __WindowsPutch
00404d60*      _dwShutDown_
00404d60*      _dwYield_
00404d60*      _dwSetConTitle_
00404d60*      _dwSetAppTitle_
00404d60*      _dwSetAboutDlg_
00404d60       _dwDeleteOnClose_
004177d4*      __WindowsExitRtn
00419698*      __init_default_win
Module: C:\Users\borov\Documents\WATCOM/lib386/nt\clib3r.lib(atexit.c)
00404d63       atexit_
Module: C:\Users\borov\Documents\WATCOM/lib386/nt\clib3r.lib(regdata.c)
00404dc0       __RegisterThreadDataSize_
Module: C:\Users\borov\Documents\WATCOM/lib386/nt\clib3r.lib(accsswnt.c)
00404df0       access_
Module: C:\Users\borov\Documents\WATCOM/lib386/nt\clib3r.lib(fullpath.c)
00404e30+      _sys_fullpath_
00404eb0       _fullpath_
Module: C:\Users\borov\Documents\WATCOM/lib386/nt\flib7.lib(rmemmgr.c)
00404f20       RMemAlloc_
00404f30       RMemFree_
Module: C:\Users\borov\Documents\WATCOM/lib386/nt\clib3r.lib(fstatwnt.c)
00404f40       fstat_
Module: C:\Users\borov\Documents\WATCOM/lib386/nt\flib7.lib(poserr.c)
004052a0       Errorf_
004052c0*      EOFile_
004052e0       ErrorMsg_
00405320       FSetTrunc_
00405330       FSetSysErr_
00405350       FSetErr_
00405370       FSetEof_
00405390       IOOk_
Module: C:\Users\borov\Documents\WATCOM/lib386/nt\clib3r.lib(statwnt.c)
004054b5       stat_
Module: C:\Users\borov\Documents\WATCOM/lib386/nt\flib7.lib(posopen.c)
004056f0       InitStd_
004057b0       SetIOBufferSize_
004057d0+      _AllocFile_
004058c0       Openf_
004059b0       Closef_
Module: C:\Users\borov\Documents\WATCOM/lib386/nt\flib7.lib(posdat.c)
004179c0       _FStdIn
004179c4       _FStdOut
004179c8       _FStdErr
Module: C:\Users\borov\Documents\WATCOM/lib386/nt\flib7.lib(posflush.c)
00405a30       FlushBuffer_
Module: C:\Users\borov\Documents\WATCOM/lib386/nt\flib7.lib(posdel.c)
00405ae0       Scratchf_
Module: C:\Users\borov\Documents\WATCOM/lib386/nt\flib7.lib(posput.c)
00405b00       FPutRec_
00405b40       ChopFile_
00405b90*      PutRec_
00405cb0       writebytes_
00405d30       SysWrite_
Module: C:\Users\borov\Documents\WATCOM/lib386/nt\flib7.lib(posget.c)
00405e70       readbytes_
00405f40       SysRead_
004063b0       FGetRec_
004063e0*      GetRec_
00406400       GetStdChar_
00406450       FCheckLogical_
004064d0       FSkipLogical_
004065a0*      FGetVarRecLen_
Module: C:\Users\borov\Documents\WATCOM/lib386/nt\flib7.lib(posseek.c)
00406690       FSeekRec_
004066d0       CurrFileOffset_
004066d0       FGetFilePos_
004066f0       SysSeek_
004068e0*      FSeekAbs_
Module: C:\Users\borov\Documents\WATCOM/lib386/nt\clib3r.lib(stricmp.c)
004068f0       stricmp_
Module: C:\Users\borov\Documents\WATCOM/lib386/nt\flib7.lib(posrew.c)
00406930       FRewind_
Module: C:\Users\borov\Documents\WATCOM/lib386/nt\flib7.lib(posback.c)
004069a0       FBackspace_
Module: C:\Users\borov\Documents\WATCOM/lib386/nt\flib7.lib(postrunc.c)
00406a80       FTruncate_
Module: C:\Users\borov\Documents\WATCOM/lib386/nt\clib3r.lib(errno.c)
00406aa0       __get_errno_ptr_
00406ab0*      __get_doserrno_ptr_
Module: C:\Users\borov\Documents\WATCOM/lib386/nt\flib7.lib(errutil.c)
00406ac0       BldErrCode_
00406b20*      MsgFormat_
00406b50*      MsgBuffer_
004179cc+      _PGrpCodes
Module: C:\Users\borov\Documents\WATCOM/lib386/nt\clib3r.lib(enterdb.c)
00406b80       __EnterWVIDEO_
004179d0       ___WD_Present
Module: C:\Users\borov\Documents\WATCOM/lib386/nt\clib3r.lib(iob.c)
004179d4       ___iob
00417bdc       __fmode
00419720       ___OpenStreams
00419724       ___ClosedStreams
Module: C:\Users\borov\Documents\WATCOM/lib386/nt\clib3r.lib(setmd.c)
00406bb0       setmode_
Module: C:\Users\borov\Documents\WATCOM/lib386/nt\clib3r.lib(write.c)
00406ef0       write_
Module: C:\Users\borov\Documents\WATCOM/lib386/nt\flib7.lib(ioinit.c)
00407160       IOSysInit_
Module: C:\Users\borov\Documents\WATCOM/lib386/nt\flib7.lib(fdutil.c)
00407190       LocFile_
004071a0       LocUnit_
004071d0       ExtractInfo_
Module: C:\Users\borov\Documents\WATCOM/lib386/nt\flib7.lib(rstdio.c)
00407300       _InitStandardInput_
00407330       _InitStandardOutput_
Module: C:\Users\borov\Documents\WATCOM/lib386/nt\clib3r.lib(memset.c)
00407360       memset_
Module: C:\Users\borov\Documents\WATCOM/lib386/nt\flib7.lib(deffname.c)
00417be4       _DefFName
Module: C:\Users\borov\Documents\WATCOM/lib386/nt\flib7.lib(stracc.c)
00407380       TrimStr_
004073c0       GetStr_
Module: C:\Users\borov\Documents\WATCOM/lib386/nt\clib3r.lib(memicmp.c)
004073f0       memicmp_
Module: C:\Users\borov\Documents\WATCOM/lib386/nt\flib7.lib(blderr.c)
004074b0       Substitute_
00407670       ErrCodOrg_
Module: C:\Users\borov\Documents\WATCOM/lib386/nt\flib7.lib(sdfile.c)
00417bec*      _FFCtrlSeq
00417bee*      _SkipCtrlSeq
00417bf0       _NormalCtrlSeq
00417bf2       _SDTermIn
00417bf6       _SDTermOut
00417bfa*      _SDPrtName
Module: C:\Users\borov\Documents\WATCOM/lib386/nt\flib7.lib(unfmtin.c)
00407680       UnFmtIn_
00407720+      NextUnFmtRec_
Module: C:\Users\borov\Documents\WATCOM/lib386/nt\flib7.lib(freein.c)
00407b00+      GetNum_
00407d00       FreeIn_
00407d10*      DoFreeIn_
00407d40+      BumpComma_
00407d70+      Blanks_
00407d90+      CheckEor_
Module: C:\Users\borov\Documents\WATCOM/lib386/nt\flib7.lib(unfmtout.c)
00408480       UnFmtOut_
Module: C:\Users\borov\Documents\WATCOM/lib386/nt\flib7.lib(freeout.c)
004088d0       FreeOut_
00417c00+      _OutRtn
Module: C:\Users\borov\Documents\WATCOM/lib386/nt\clib3r.lib(hdlman.c)
00417c34+      ___NHandles
00417c38+      ___OSHandles
00417c3c+      ___FakeHandles
004089b0+      __growPOSIXHandles_
00408a50       __allocPOSIXHandle_
00408b10       __freePOSIXHandle_
00408b30       __getOSHandle_
00408b40       __setOSHandle_
00408b90+      __NTGetFakeHandle_
00408c00       __initPOSIXHandles_
00408ce0*      __set_handles_
00408cf0*      _grow_handles_
Module: C:\Users\borov\Documents\WATCOM/lib386/nt\clib3r.lib(environ.c)
00419728       ___env_mask
0041972c       _environ
00419730       __wenviron
Module: C:\Users\borov\Documents\WATCOM/lib386/nt\clib3r.lib(getmodfn.c)
00408d30       __lib_GetModuleFileNameW_
Module: C:\Users\borov\Documents\WATCOM/lib386/nt\clib3r.lib(strdup.c)
00408dd0       __clib_strdup_
Module: C:\Users\borov\Documents\WATCOM/lib386/nt\clib3r.lib(istable.c)
00408e10       __IsTable
Module: C:\Users\borov\Documents\WATCOM/lib386/nt\clib3r.lib(ustrdup.c)
00408f11       __clib_wcsdup_
Module: C:\Users\borov\Documents\WATCOM/lib386/nt\clib3r.lib(nfree.c)
00408f40       _nfree_
00408f40       free_
00419734       ___MiniHeapFreeRover
Module: C:\Users\borov\Documents\WATCOM/lib386/nt\clib3r.lib(excptwnt.c)
004096b0+      ___ReportException@4
00409b00       __DefaultExceptionHandler_
00409b40+      ___ExceptionFilter
00409d50       __NewExceptionFilter_
00409d80       __DoneExceptionFilter_
00417c48       ___oscode_check_func
00417c4c       ___raise_func
00419738*      _sw
0041973c       ___ExceptionHandled
0041973d+      ___ReportInvoked
Module: C:\Users\borov\Documents\WATCOM/lib386/nt\clib3r.lib(stklmwnt.c)
00409dc0       __init_stack_limits_
Module: C:\Users\borov\Documents\WATCOM/lib386/nt\clib3r.lib(initrtns.c)
00409e40       __InitRtns
00409e90       __FiniRtns
Module: C:\Users\borov\Documents\WATCOM/lib386/nt\clib3r.lib(setjmp)
00409ee4       _setjmp_
00409f1d       longjmp_
Module: C:\Users\borov\Documents\WATCOM/lib386/nt\clib3r.lib(exit.c)
00409fa5+      __null_int23_exit_
00409fa6       exit_
00409ff6*      _exit_
00417c64+      ___int23_exit
00417c68+      ___FPE_handler_exit
Module: C:\Users\borov\Documents\WATCOM/lib386/nt\flib7.lib(wrutils.c)
0040a010       F_SendData_
0040a070*      SendLine_
0040a080       SendEOR_
0040a110*      SendInt_
0040a140       SendStr_
0040a160+      SendWSLStr_
0040a180       SendChar_
0040a1a0       Drop_
0040a360       IOItemResult_
Module: C:\Users\borov\Documents\WATCOM/lib386/nt\flib7.lib(rfmtutil.c)
0040a410       R_ChkType_
0040a440       R_NewRec_
0040a480       R_ChkIType_
0040a4b0       R_ChkFType_
0040a4e0       R_ChkRecLen_
0040a500+      GetLen_
0040a540       R_FOStr_
0040a550*      FOString_
0040a5c0       R_FIStr_
0040a680       R_FOLog_
0040a6d0       R_FILog_
0040a7b0       R_FIFloat_
0040a9a0       GetReal_
0040aab0       R_FOF_
0040ab30       R_FOE_
0040ac70+      FmtH2B_
0040ad60       R_FIHex_
0040aee0       R_FOHex_
0040aef0*      FOHex_
0040aff0       R_FIInt_
0040b100       R_FOInt_
0040b360       R_FOG_
0040b5e0+      ChkBuffLen_
Module: C:\Users\borov\Documents\WATCOM/lib386/nt\flib7.lib(arrayio.c)
0040b6a0       ArrayIOType_
Module: C:\Users\borov\Documents\WATCOM/lib386/nt\clib3r.lib(mthrdini.c)
0040b720       __InitThreadData_
00417c6c       ___ThreadDataSize
Module: C:\Users\borov\Documents\WATCOM/lib386/nt\clib3r.lib(cmain386.c)
0040b750       __CMain
Module: C:\Users\borov\Documents\WATCOM/lib386/nt\clib3r.lib(dosseg)
00001234       __DOSseg__
Module: C:\Users\borov\Documents\WATCOM/lib386/nt\clib3r.lib(8087cw.c)
00417c70       __8087cw
Module: C:\Users\borov\Documents\WATCOM/lib386/nt\clib3r.lib(save8087.c)
00417c74       ___Save8087
00417c78       ___Rest8087
Module: C:\Users\borov\Documents\WATCOM/lib386/nt\clib3r.lib(init8087)
0040b794       __x87id
Module: C:\Users\borov\Documents\WATCOM/lib386/nt\flib7.lib(csetinfo.c)
00419740       _CharSetInfo
Module: C:\Users\borov\Documents\WATCOM/lib386/nt\flib7.lib(errmsg.c)
0040bb00       _GroupTable
0040bbb0       _ErrWord
Module: C:\Users\borov\Documents\WATCOM/lib386/nt\clib3r.lib(signlwnt.c)
00417c7c+      __SignalTable
0040c1e0+      __SetSignalFunc_
0040c230+      __GetSignalFunc_
0040c260+      __GetSignalOSCode_
0040c290+      __CheckSignalExCode_
0040c3d0+      __sigabort_
0040c3e0       __sigfpe_handler_
0040c430       signal_
0040c4c0+      raise_
0040c530+      __SigInit_
0040c580+      __SigFini_
0040c5c0+      __sig_init_
Module: C:\Users\borov\Documents\WATCOM/lib386/nt\flib7.lib(fptraps.c)
0040c6a0*      __MaskDefaultFPE_
0040c6c0       FPTrapInit_
0040c6f0       FPTrapFini_
Module: C:\Users\borov\Documents\WATCOM/lib386/nt\clib3r.lib(trdlist.c)
0040c760       __GetThreadData_
0040c7b0       __ReallocThreadData_
0040c8a0       __AddThreadData_
0040c920       __RemoveThreadData_
0040c980       __ResizeThreadDataList_
0040c9b0       __FreeThreadDataList_
0040c9e0*      __ActiveThreads_
Module: C:\Users\borov\Documents\WATCOM/lib386/nt\clib3r.lib(fgtattr.c)
0040ca00       __fixed_GetFileAttributesA_
Module: C:\Users\borov\Documents\WATCOM/lib386/nt\clib3r.lib(dosret.c)
0040caa0*      _dosretax_
0040cab0*      _dosret0_
0040cac0       __set_errno_dos_
0040caf0*      __set_errno_dos_reterr_
0040cb00       __set_errno_nt_
0040cb10*      __set_errno_nt_reterr_
Module: C:\Users\borov\Documents\WATCOM/lib386/nt\clib3r.lib(seterrno.c)
0040cb24       __set_errno_
0040cb32*      __set_EDOM_
0040cb40       __set_ERANGE_
0040cb4e*      __set_EINVAL_
0040cb61       __set_doserrno_
Module: C:\Users\borov\Documents\WATCOM/lib386/nt\clib3r.lib(gtcwdwnt.c)
0040cb70       getcwd_
Module: C:\Users\borov\Documents\WATCOM/lib386/nt\clib3r.lib(nmalloc.c)
0040cc00       _nmalloc_
0040cc00       malloc_
00417dec       ___nheapbeg
00417df0       ___MiniHeapRover
00417df4       ___LargestSizeB4MiniHeapRover
Module: C:\Users\borov\Documents\WATCOM/lib386/nt\clib3r.lib(iomode.c)
0040cd00       __GetIOMode_
0040cd20       __SetIOMode_nogrow_
00417df8       ___NFiles
00417dfc       ___init_mode
00417e4c       ___io_mode
Module: C:\Users\borov\Documents\WATCOM/lib386/nt\clib3r.lib(iomodtty.c)
0040cd40       __ChkTTYIOMode_
0040cd80       __IOMode_
Module: C:\Users\borov\Documents\WATCOM/lib386/nt\clib3r.lib(ntdirinf.c)
0040cda0       __MakeDOSDT_
0040cdd0*      __FromDOSDT_
0040ce00*      __GetNTDirInfo_
0040ce40*      __NTFindNextFileWithAttr_
Module: C:\Users\borov\Documents\WATCOM/lib386/nt\clib3r.lib(d2ttime.c)
0040cea0       _d2ttime_
Module: C:\Users\borov\Documents\WATCOM/lib386/nt\clib3r.lib(strerror.c)
0040d240       strerror_
0040d260*      _strerror_
0040d330*      _doserror_
00417e50+      __sys_errlist
00417ef4+      __sys_nerr
Module: C:\Users\borov\Documents\WATCOM/lib386/nt\clib3r.lib(_strcmp)
0040d360       strcmp_
Module: C:\Users\borov\Documents\WATCOM/lib386/nt\clib3r.lib(mbspbrk.c)
0040d4a0       _mbspbrk_
Module: C:\Users\borov\Documents\WATCOM/lib386/nt\clib3r.lib(mbsinc.c)
0040d4f0       _mbsinc_
Module: C:\Users\borov\Documents\WATCOM/lib386/nt\clib3r.lib(tolower.c)
0040d520       tolower_
Module: C:\Users\borov\Documents\WATCOM/lib386/nt\clib3r.lib(stiomode.c)
0040d530       __grow_iomode_
0040d600+      __shrink_iomode_
0040d640       __SetIOMode_
Module: C:\Users\borov\Documents\WATCOM/lib386/nt\clib3r.lib(close.c)
0040d6b0       close_
Module: C:\Users\borov\Documents\WATCOM/lib386/nt\clib3r.lib(openwnt.c)
0040d8d0*      open_
0040d8f0       sopen_
Module: C:\Users\borov\Documents\WATCOM/lib386/nt\clib3r.lib(lseek.c)
0040d920       lseek_
Module: C:\Users\borov\Documents\WATCOM/lib386/nt\flib7.lib(poscc.c)
0040d970*      __LineFeedWithFormFeed_
0040d980       FSetCC_
Module: C:\Users\borov\Documents\WATCOM/lib386/nt\clib3r.lib(unlnkwnt.c)
0040d9e0       unlink_
Module: C:\Users\borov\Documents\WATCOM/lib386/nt\clib3r.lib(chsizwnt.c)
0040da60       chsize_
Module: C:\Users\borov\Documents\WATCOM/lib386/nt\clib3r.lib(read.c)
0040db50       read_
Module: C:\Users\borov\Documents\WATCOM/lib386/nt\flib7.lib(errgrp.c)
0040dce0       _GrpCodes
Module: C:\Users\borov\Documents\WATCOM/lib386/nt\clib3r.lib(initfile.c)
0040dda0       __InitFiles_
Module: C:\Users\borov\Documents\WATCOM/lib386/nt\clib3r.lib(ioexit.c)
0040dea0*      fcloseall_
0040deb0       __full_io_exit_
Module: C:\Users\borov\Documents\WATCOM/lib386/nt\clib3r.lib(stackwnt.c)
0040dec0       stackavail_
Module: C:\Users\borov\Documents\WATCOM/lib386/nt\clib3r.lib(stk)
0040ded1*      __CHK
0040dee1*      __STK
0040df00       __STKOVERFLOW_
0040df10*      __GRO
0040df30*      __alloca_probe
Module: C:\Users\borov\Documents\WATCOM/lib386/nt\clib3r.lib(getenv.c)
0040df50       getenv_
Module: C:\Users\borov\Documents\WATCOM/lib386/nt\clib3r.lib(ltoa.c)
0040dfe0       ultoa_
0040e030       ltoa_
Module: C:\Users\borov\Documents\WATCOM/lib386/nt\clib3r.lib(__stos)
0040e060       __STOSB
0040e097*      __STOSD
Module: C:\Users\borov\Documents\WATCOM/lib386/nt\clib3r.lib(memmove.c)
0040e110       memmove_
Module: C:\Users\borov\Documents\WATCOM/lib386/nt\clib3r.lib(itoa.c)
0040e170       utoa_
0040e1c0       itoa_
Module: C:\Users\borov\Documents\WATCOM/lib386/nt\flib7.lib(rdutils.c)
0040e1f0       NextRec_
Module: C:\Users\borov\Documents\WATCOM/lib386/nt\flib7.lib(unfmtutl.c)
0040e300       _SizeVars
Module: C:\Users\borov\Documents\WATCOM/lib386/nt\clib3r.lib(toupper.c)
0040e310       toupper_
Module: C:\Users\borov\Documents\WATCOM/lib386/nt\flib7.lib(chrutils.c)
0040e320       JmpBlanks_
Module: C:\Users\borov\Documents\WATCOM/lib386/nt\flib7.lib(fmtcnvt.c)
0040e340       FmtS2I_
0040e470       FmtS2F_
Module: C:\Users\borov\Documents\WATCOM/lib386/nt\flib7.lib(undefcg.c)
0040e8d0       OutLogCG_
0040e8e0       OutIntCG_
0040e920+      FmtRealCG_
0040e950+      FmtDoubleCG_
0040e980+      FmtExtendedCG_
0040e9b0+      UndefIntCG_
0040e9b0+      UndefLogCG_
0040e9b0+      UndefExtendedCG_
0040e9b0+      UndefDoubleCG_
0040e9b0+      UndefRealCG_
0040e9c0+      GetRealCG_
00417f10       _FmtRealRtn
00417f14       _FmtDoubleRtn
00417f18       _FmtExtendedRtn
00417f1c       _SendStrRtn
00417f20       _UndefRealRtn
00417f24       _UndefDoubleRtn
00417f28       _UndefExtendedRtn
00417f2c       _UndefLogRtn
00417f30       _UndefIntRtn
00417f34       _GetRealRtn
Module: C:\Users\borov\Documents\WATCOM/lib386/nt\flib7.lib(cctrl.c)
0040e9d0       CheckCCtrl_
Module: C:\Users\borov\Documents\WATCOM/lib386/nt\clib3r.lib(nrealloc.c)
0040ea40*      _nrealloc_
0040ea40       realloc_
Module: C:\Users\borov\Documents\WATCOM/lib386/nt\clib3r.lib(setenvp.c)
0040eac0       __setenvp_
0040eb80       __freeenvp_
Module: C:\Users\borov\Documents\WATCOM/lib386/nt\clib3r.lib(ustrlen.c)
0040ebcd       wcslen_
Module: C:\Users\borov\Documents\WATCOM/lib386/nt\clib3r.lib(memcpy.c)
0040ebe0       memcpy_
Module: C:\Users\borov\Documents\WATCOM/lib386/nt\clib3r.lib(mem.c)
0040ec00       __MemAllocator
0040ecb0       __MemFree
Module: C:\Users\borov\Documents\WATCOM/lib386/nt\clib3r.lib(conutwnt.c)
0040ee00*      __NTRealKey_
0040eeb0*      __NTConsoleInput_
0040eec0       __NTConsoleOutput_
Module: C:\Users\borov\Documents\WATCOM/lib386/nt\clib3r.lib(fclex387.c)
0040eed0       _ClearFPE_
Module: C:\Users\borov\Documents\WATCOM/lib386/nt\clib3r.lib(ljmphdl.c)
00417f40       ___longjmp_handler
Module: C:\Users\borov\Documents\WATCOM/lib386/nt\flib7.lib(ifile.c)
0040eef0       SendIFBuff_
0040ef20       NextIFBuff_
Module: C:\Users\borov\Documents\WATCOM/lib386/nt\flib7.lib(rfmtlog.c)
0040ef60       R_FmtLog_
Module: C:\Users\borov\Documents\WATCOM/lib386/nt\flib7.lib(fmtrtns.c)
0040ef90       R_F2E_
0040f100       R_F2F_
0040f290       SetMaxPrec_
Module: C:\Users\borov\Documents\WATCOM/lib386/nt\flib7.lib(flt86.c)
0040f2a0       _P1d100
0040f2a8       _P1d_99
Module: C:\Users\borov\Documents\WATCOM/lib386\math387r.lib(pow87)
0040f409*      pow_
0040f2b0       IF@DPOW
0040f2b0*      IF@POW
Module: C:\Users\borov\Documents\WATCOM/lib386/nt\flib7.lib(hexcnv.c)
0040f430       Hex_
0040f450*      HSToB_
0040f4c0       BToHS_
Module: C:\Users\borov\Documents\WATCOM/lib386/nt\clib3r.lib(strupr.c)
0040f510       strupr_
Module: C:\Users\borov\Documents\WATCOM/lib386/nt\clib3r.lib(cinit.c)
0040f530       __CommonInit_
Module: C:\Users\borov\Documents\WATCOM/lib386/nt\clib3r.lib(___argc.c)
00419860       ____Argc
00419864       ____Argv
Module: C:\Users\borov\Documents\WATCOM/lib386/nt\flib7.lib(rtmain.c)
0040f540       main_
Module: C:\Users\borov\Documents\WATCOM/lib386/nt\clib3r.lib(abort.c)
0040f567*      abort_
0040f579       __terminate_
00417f44       ___abort
Module: C:\Users\borov\Documents\WATCOM/lib386/nt\clib3r.lib(cntrl87.c)
0040f590       _control87_
Module: C:\Users\borov\Documents\WATCOM/lib386/nt\clib3r.lib(mthread.c)
0040f770+      __CloseSemaphore_
0040f7b0+      __AccessIOB_
0040f7c0+      __ReleaseIOB_
0040f7d0+      __AccessFileH_
0040f7e0+      __ReleaseFileH_
0040f7f0+      __AccessNHeap_
0040f800+      __ReleaseNHeap_
0040f810+      __AccessFHeap_
0040f820+      __ReleaseFHeap_
0040f830+      __AccessTDList_
0040f840+      __ReleaseTDList_
0040f850+      __AccessFList_
0040f860+      __AccessSemaphore_
0040f8c0+      __ReleaseFList_
0040f8d0+      __ReleaseSemaphore_
0040f900+      __MultipleThread_
0040f950+      __AllocInitThreadData_
0040f9a0*      __FreeInitThreadData_
0040f9b0       __NTThreadInit_
0040fa20       __NTAddThread_
0040fa70       __NTRemoveThread_
0040fb00       __InitMultipleThread_
00417f48+      ___AccessSema4
00417f4c+      ___ReleaseSema4
00417f50+      ___CloseSema4
Module: C:\Users\borov\Documents\WATCOM/lib386/nt\clib3r.lib(xmsgwnt.c)
0040fcc0+      __exit_with_msg_
0040fd20       __fatal_runtime_error_
Module: C:\Users\borov\Documents\WATCOM/lib386/nt\clib3r.lib(calloc.c)
0040fd40       calloc_
Module: C:\Users\borov\Documents\WATCOM/lib386/nt\clib3r.lib(register.c)
0040fd70       __initthread_
0040fd80*      _beginthread_
0040fd90       _endthread_
0040fda0*      __RegisterThreadData_
Module: C:\Users\borov\Documents\WATCOM/lib386/nt\clib3r.lib(nmemneed.c)
0040fdf0       __nmemneed_
Module: C:\Users\borov\Documents\WATCOM/lib386/nt\clib3r.lib(grownear.c)
0040ff60       __ExpandDGROUP_
Module: C:\Users\borov\Documents\WATCOM/lib386/nt\clib3r.lib(isattwnt.c)
0040ff80       isatty_
Module: C:\Users\borov\Documents\WATCOM/lib386/nt\clib3r.lib(strncpy.c)
0040ffa0       strncpy_
Module: C:\Users\borov\Documents\WATCOM/lib386/nt\clib3r.lib(mktime.c)
0040ffe0       mktime_
Module: C:\Users\borov\Documents\WATCOM/lib386/nt\clib3r.lib(mbterm.c)
00410070       _mbterm_
Module: C:\Users\borov\Documents\WATCOM/lib386/nt\clib3r.lib(mbsnextc.c)
004100b0       _mbsnextc_
Module: C:\Users\borov\Documents\WATCOM/lib386/nt\clib3r.lib(mbschr.c)
004100f0       _mbschr_
Module: C:\Users\borov\Documents\WATCOM/lib386/nt\clib3r.lib(mbisdbcs.c)
00419fd4       ___IsDBCS
Module: C:\Users\borov\Documents\WATCOM/lib386/nt\clib3r.lib(mbislead.c)
00410150*      _ismbblead_
00419fd8       ___MBCSIsTable
Module: C:\Users\borov\Documents\WATCOM/lib386/nt\clib3r.lib(_clsewnt.c)
00410170       __close_
Module: C:\Users\borov\Documents\WATCOM/lib386/nt\clib3r.lib(ntfio.c)
004101d0*      __GetNTCreateAttr_
00410210       __GetNTAccessAttr_
00410240       __GetNTShareAttr_
Module: C:\Users\borov\Documents\WATCOM/lib386/nt\clib3r.lib(umaskval.c)
00417f60       ___umaskval
Module: C:\Users\borov\Documents\WATCOM/lib386/nt\clib3r.lib(__lseek.c)
004102a0       __lseek_
Module: C:\Users\borov\Documents\WATCOM/lib386/nt\clib3r.lib(fclose.c)
004102e0+      __doclose_
00410380       __shutdown_stream_
004103a0*      fclose_
0041a0dc+      ___RmTmpFileFn
Module: C:\Users\borov\Documents\WATCOM/lib386/nt\clib3r.lib(freefp.c)
004103f0       __freefp_
00410440       __purgefp_
Module: C:\Users\borov\Documents\WATCOM/lib386/nt\clib3r.lib(mbcupper.c)
00410470       _mbctoupper_
Module: C:\Users\borov\Documents\WATCOM/lib386/nt\clib3r.lib(alphabet.c)
004170e4       ___Alphabet
Module: C:\Users\borov\Documents\WATCOM/lib386/nt\flib7.lib(intarith.c)
004104a0       AddIOFlo_
004104b0*      SubIOFlo_
004104c0       MulIOFlo_
Module: C:\Users\borov\Documents\WATCOM/lib386\math387r.lib(strtod.c)
004109e3+      __Strtold_
00410b4a       strtod_
Module: C:\Users\borov\Documents\WATCOM/lib386/nt\flib7.lib(expchk.c)
00410c90       ToFFormat_
Module: C:\Users\borov\Documents\WATCOM/lib386/nt\clib3r.lib(nmsize.c)
00410ce0       _nmsize_
00410ce0*      _msize_
Module: C:\Users\borov\Documents\WATCOM/lib386/nt\clib3r.lib(nexpand.c)
00410cf0       _nexpand_
00410cf0*      _expand_
00410d30+      __HeapManager_expand_
Module: C:\Users\borov\Documents\WATCOM/lib386/nt\clib3r.lib(dofilstr.c)
00410f10       __ParsePosixHandleStr_
Module: C:\Users\borov\Documents\WATCOM/lib386/nt\clib3r.lib(clearenv.c)
00411030       clearenv_
Module: C:\Users\borov\Documents\WATCOM/lib386\math387r.lib(ldcvt.c)
0041119f       _LDScale10x_
00411746       __LDcvt_
Module: C:\Users\borov\Documents\WATCOM/lib386/nt\clib3r.lib(chipvar)
0041800c       ___chipbug
0041800c       __chipbug
Module: C:\Users\borov\Documents\WATCOM/lib386\math387r.lib(pow87e.c)
00411b94       __pow87_err_
Module: C:\Users\borov\Documents\WATCOM/lib386\math387r.lib(exp87)
00411c83*      exp_
00411c1c*      __@DEXP1
00411c24*      IF@EXP
00411c24*      IF@DEXP
00411c26       __@DEXP
Module: C:\Users\borov\Documents\WATCOM/lib386/nt\clib3r.lib(chipd32.asm)
00411da7       __fdiv_fpr
00412269*      __fdiv_chk
0041227c*      __fdiv_m32
004122c9*      __fdiv_m64
00412316*      __fdiv_m32r
00412363*      __fdiv_m64r
Module: C:\Users\borov\Documents\WATCOM/lib386/nt\clib3r.lib(argcv.c)
0041a0e0       __argc
0041a0e4       __argv
0041a0e8       ___argv
0041a0ec       ___argc
Module: C:\Users\borov\Documents\WATCOM/lib386/nt\clib3r.lib(trdalloc.c)
004123b0       __FiniThreadProcessing_
Module: C:\Users\borov\Documents\WATCOM/lib386/nt\clib3r.lib(nheapmin.c)
004123c0       _nheapshrink_
004123c0*      _nheapmin_
004123c0*      _heapmin_
004123c0       _heapshrink_
Module: C:\Users\borov\Documents\WATCOM/lib386/nt\clib3r.lib(thredwnt.c)
00412560       __CBeginThread_
00412600       __CEndThread_
Module: C:\Users\borov\Documents\WATCOM/lib386/nt\clib3r.lib(amblksiz.c)
00418020       __amblksiz
Module: C:\Users\borov\Documents\WATCOM/lib386/nt\clib3r.lib(heapen.c)
00412640*      _heapenable_
00418024       ___heap_enabled
Module: C:\Users\borov\Documents\WATCOM/lib386/nt\clib3r.lib(locmktim.c)
00412670       __local_mktime_
Module: C:\Users\borov\Documents\WATCOM/lib386/nt\clib3r.lib(gmtime.c)
004127f0       __brktime_
004128f0+      _gmtime_
00412910*      gmtime_
Module: C:\Users\borov\Documents\WATCOM/lib386/nt\clib3r.lib(tzset.c)
00418028       ___start_dst
0041804c       ___end_dst
00418174*      _tzname
0041817c       _timezone
00418180       _daylight
00418184       ___dst_adjust
00412980*      __DontCacheOSTZ_
00412990*      __CacheOSTZ_
00412e70+      __parse_tz_
00413260       tzset_
Module: C:\Users\borov\Documents\WATCOM/lib386/nt\clib3r.lib(timeutil.c)
004133d0       __isindst_
Module: C:\Users\borov\Documents\WATCOM/lib386/nt\clib3r.lib(mbconv.c)
00413700       _mbvtop_
Module: C:\Users\borov\Documents\WATCOM/lib386/nt\clib3r.lib(mbclen.c)
00413720       _mbclen_
Module: C:\Users\borov\Documents\WATCOM/lib386/nt\clib3r.lib(mbccmp.c)
00413750       _mbccmp_
Module: C:\Users\borov\Documents\WATCOM/lib386/nt\clib3r.lib(mbinit.c)
004137c5       __mbinit_
0041818c       ___MBCodePage
Module: C:\Users\borov\Documents\WATCOM/lib386/nt\clib3r.lib(flush.c)
004138c0       __flush_
Module: C:\Users\borov\Documents\WATCOM/lib386\math387r.lib(bufld386)
004139bc       __ZBuf2LD
Module: C:\Users\borov\Documents\WATCOM/lib386\math387r.lib(inf_nan.c)
00413a5f*      ___f_infinity
00413a63*      ___f_posqnan
00413a67       ___d_infinity
00413a6f       ___d_posqnan
00413a77*      ___ld_infinity
00413a7f*      ___ld_posqnan
Module: C:\Users\borov\Documents\WATCOM/lib386/nt\clib3r.lib(hugeval.c)
00413a90       __HugeValue
Module: C:\Users\borov\Documents\WATCOM/lib386/nt\clib3r.lib(strtol.c)
00413cc0*      strtoul_
00413cd0       strtol_
Module: C:\Users\borov\Documents\WATCOM/lib386/nt\clib3r.lib(putenv.c)
00413ce0       putenv_
00413f70       __putenv_
Module: C:\Users\borov\Documents\WATCOM/lib386\math387r.lib(ldclass.c)
004140d9       __LDClass_
00414129*      _FLClass_
Module: C:\Users\borov\Documents\WATCOM/lib386/nt\clib3r.lib(chipbug.c)
00414140       __verify_pentium_fdiv_bug_
Module: C:\Users\borov\Documents\WATCOM/lib386/nt\flib7.lib(_matherr.c)
004141a0*      __imath2err_
004141e0*      __amath1err_
00414210*      __amath2err_
00414240       __math2err_
00414350       __math1err_
00414360*      __zmath2err_
004143c0*      __qmath2err_
Module: C:\Users\borov\Documents\WATCOM/lib386\math387r.lib(math87e.c)
00414426       __math87_err_
Module: C:\Users\borov\Documents\WATCOM/lib386/nt\clib3r.lib(initargv.c)
004144a0       __Init_Argv_
004144f0+      _getargv_
00414690       __Fini_Argv_
Module: C:\Users\borov\Documents\WATCOM/lib386/nt\clib3r.lib(leapyear.c)
004146a0       __leapyear_
00417114       ___diyr
0041712e       ___dilyr
Module: C:\Users\borov\Documents\WATCOM/lib386/nt\clib3r.lib(wcstombs.c)
004146e0       wcstombs_
Module: C:\Users\borov\Documents\WATCOM/lib386/nt\clib3r.lib(fsync.c)
00414780       fsync_
Module: C:\Users\borov\Documents\WATCOM/lib386/nt\clib3r.lib(qwrit.c)
004147d0       __qwrite_
Module: C:\Users\borov\Documents\WATCOM/lib386/nt\clib3r.lib(mbslen.c)
004148b0       _mbslen_
Module: C:\Users\borov\Documents\WATCOM/lib386/nt\clib3r.lib(mbstowcs.c)
004148e0       mbstowcs_
Module: C:\Users\borov\Documents\WATCOM/lib386/nt\clib3r.lib(uputenv.c)
00414960*      _wputenv_
00414b80       __wputenv_
Module: C:\Users\borov\Documents\WATCOM/lib386/nt\clib3r.lib(histsplt.c)
0041a0f4       ___historical_splitparms
Module: C:\Users\borov\Documents\WATCOM/lib386/nt\clib3r.lib(wctomb.c)
00414c80       wctomb_
Module: C:\Users\borov\Documents\WATCOM/lib386/nt\clib3r.lib(mbtowc.c)
00414cc0       mbtowc_
Module: C:\Users\borov\Documents\WATCOM/lib386/nt\clib3r.lib(ustrchr.c)
00414d50       wcschr_
Module: C:\Users\borov\Documents\WATCOM/lib386/nt\clib3r.lib(setenvar.c)
00414d70       __lib_SetEnvironmentVariableW_
Module: C:\Users\borov\Documents\WATCOM/lib386/nt\clib3r.lib(crtwenv.c)
00414e60       __create_wide_environment_
Module: C:\Users\borov\Documents\WATCOM/lib386/nt\clib3r.lib(utoupper.c)
00414ec8       towupper_


                        +----------------------+
                        |   Imported Symbols   |
                        +----------------------+

Symbol                              Module
======                              ======

_MessageBoxA@16                     USER32.DLL
_GetEnvironmentStringsA@0           KERNEL32.DLL
_GetVersion@0                       KERNEL32.DLL
_GetModuleFileNameA@12              KERNEL32.DLL
_GetCommandLineA@0                  KERNEL32.DLL
_GetCommandLineW@0                  KERNEL32.DLL
_FreeEnvironmentStringsA@4          KERNEL32.DLL
_GetModuleHandleA@4                 KERNEL32.DLL
_ExitProcess@4                      KERNEL32.DLL
_RtlUnwind@16                       KERNEL32.DLL
_GetFullPathNameA@16                KERNEL32.DLL
_GetFileType@4                      KERNEL32.DLL
_GetFileInformationByHandle@8       KERNEL32.DLL
_GetFileTime@16                     KERNEL32.DLL
_GetFileSize@8                      KERNEL32.DLL
_CreateFileA@28                     KERNEL32.DLL
_CloseHandle@4                      KERNEL32.DLL
_GetLastError@0                     KERNEL32.DLL
_GetDriveTypeA@4                    KERNEL32.DLL
_FindFirstFileA@8                   KERNEL32.DLL
_FindClose@4                        KERNEL32.DLL
_SetFilePointer@16                  KERNEL32.DLL
_WriteFile@20                       KERNEL32.DLL
_SetStdHandle@8                     KERNEL32.DLL
_CreateEventA@16                    KERNEL32.DLL
_GetStdHandle@4                     KERNEL32.DLL
_GetModuleFileNameW@12              KERNEL32.DLL
_MultiByteToWideChar@24             KERNEL32.DLL
_LoadLibraryA@4                     KERNEL32.DLL
_GetProcAddress@8                   KERNEL32.DLL
_SetUnhandledExceptionFilter@4      KERNEL32.DLL
_UnhandledExceptionFilter@4         KERNEL32.DLL
_VirtualQuery@12                    KERNEL32.DLL
_GetCurrentThreadId@0               KERNEL32.DLL
_SetConsoleCtrlHandler@8            KERNEL32.DLL
_TlsGetValue@4                      KERNEL32.DLL
_TlsSetValue@8                      KERNEL32.DLL
_GetFileAttributesA@4               KERNEL32.DLL
_GetCurrentDirectoryA@8             KERNEL32.DLL
_FileTimeToLocalFileTime@8          KERNEL32.DLL
_FileTimeToDosDateTime@12           KERNEL32.DLL
_DosDateTimeToFileTime@12           KERNEL32.DLL
_LocalFileTimeToFileTime@8          KERNEL32.DLL
_FindNextFileA@8                    KERNEL32.DLL
_FormatMessageA@28                  KERNEL32.DLL
_DeleteFileA@4                      KERNEL32.DLL
_SetEndOfFile@4                     KERNEL32.DLL
_ReadFile@20                        KERNEL32.DLL
_InitializeCriticalSection@4        KERNEL32.DLL
_DeleteCriticalSection@4            KERNEL32.DLL
_LeaveCriticalSection@4             KERNEL32.DLL
_EnterCriticalSection@4             KERNEL32.DLL
_SetLastError@4                     KERNEL32.DLL
_TlsAlloc@0                         KERNEL32.DLL
_TlsFree@4                          KERNEL32.DLL
_VirtualAlloc@16                    KERNEL32.DLL
_CharUpperA@4                       USER32.DLL
_VirtualFree@12                     KERNEL32.DLL
_CreateThread@24                    KERNEL32.DLL
_ResumeThread@4                     KERNEL32.DLL
_ExitThread@4                       KERNEL32.DLL
_GetTimeZoneInformation@4           KERNEL32.DLL
_GetACP@0                           KERNEL32.DLL
_GetOEMCP@0                         KERNEL32.DLL
_GetCPInfo@8                        KERNEL32.DLL
_SetEnvironmentVariableA@8          KERNEL32.DLL
_FlushFileBuffers@4                 KERNEL32.DLL
_WideCharToMultiByte@32             KERNEL32.DLL
_SetEnvironmentVariableW@8          KERNEL32.DLL


                        +--------------------+
                        |   Libraries Used   |
                        +--------------------+

C:\Users\borov\Documents\WATCOM/lib386/nt\kernel32.lib
C:\Users\borov\Documents\WATCOM/lib386/nt\user32.lib
C:\Users\borov\Documents\WATCOM/lib386/nt\flib7.lib
C:\Users\borov\Documents\WATCOM/lib386\math387r.lib
C:\Users\borov\Documents\WATCOM/lib386/nt\clib3r.lib
C:\Users\borov\Documents\WATCOM/lib386/nt\emu387.lib


                        +-----------------------+
                        |   Linker Statistics   |
                        +-----------------------+

Stack size:  00010000 (65536.)
Memory size:  0003153c (202044.)
Entry point address: 004020f0
Link time: 00:00.81
